Component: Arm Compiler for Embedded 6.18 Tool: armlink [5e4cc100]

==============================================================================

Section Cross References

    startup_stm32f407xx.o(RESET) refers to startup_stm32f407xx.o(STACK) for __initial_sp
    startup_stm32f407xx.o(RESET) refers to startup_stm32f407xx.o(.text) for Reset_Handler
    startup_stm32f407xx.o(RESET) refers to stm32f4xx_it.o(.text.NMI_Handler) for NMI_Handler
    startup_stm32f407xx.o(RESET) refers to stm32f4xx_it.o(.text.HardFault_Handler) for HardFault_Handler
    startup_stm32f407xx.o(RESET) refers to stm32f4xx_it.o(.text.MemManage_Handler) for MemManage_Handler
    startup_stm32f407xx.o(RESET) refers to stm32f4xx_it.o(.text.BusFault_Handler) for BusFault_Handler
    startup_stm32f407xx.o(RESET) refers to stm32f4xx_it.o(.text.UsageFault_Handler) for UsageFault_Handler
    startup_stm32f407xx.o(RESET) refers to stm32f4xx_it.o(.text.SVC_Handler) for SVC_Handler
    startup_stm32f407xx.o(RESET) refers to stm32f4xx_it.o(.text.DebugMon_Handler) for DebugMon_Handler
    startup_stm32f407xx.o(RESET) refers to stm32f4xx_it.o(.text.PendSV_Handler) for PendSV_Handler
    startup_stm32f407xx.o(RESET) refers to stm32f4xx_it.o(.text.SysTick_Handler) for SysTick_Handler
    startup_stm32f407xx.o(RESET) refers to stm32f4xx_it.o(.text.ADC_IRQHandler) for ADC_IRQHandler
    startup_stm32f407xx.o(RESET) refers to stm32f4xx_it.o(.text.TIM1_UP_TIM10_IRQHandler) for TIM1_UP_TIM10_IRQHandler
    startup_stm32f407xx.o(RESET) refers to stm32f4xx_it.o(.text.SDIO_IRQHandler) for SDIO_IRQHandler
    startup_stm32f407xx.o(RESET) refers to stm32f4xx_it.o(.text.DMA2_Stream0_IRQHandler) for DMA2_Stream0_IRQHandler
    startup_stm32f407xx.o(RESET) refers to stm32f4xx_it.o(.text.DMA2_Stream2_IRQHandler) for DMA2_Stream2_IRQHandler
    startup_stm32f407xx.o(.text) refers to system_stm32f4xx.o(.text.SystemInit) for SystemInit
    startup_stm32f407xx.o(.text) refers to entry.o(.ARM.Collect$$$$00000000) for __main
    main.o(.text) refers (Special) to _scanf_int.o(.text) for _scanf_int
    main.o(.text.fputc) refers (Special) to _scanf_int.o(.text) for _scanf_int
    main.o(.text.fputc) refers to main.o(.bss..L_MergedGlobals) for .L_MergedGlobals
    main.o(.text.fputc) refers to stm32f4xx_hal_uart.o(.text.HAL_UART_Transmit) for HAL_UART_Transmit
    main.o(.ARM.exidx.text.fputc) refers (Special) to _scanf_int.o(.text) for _scanf_int
    main.o(.ARM.exidx.text.fputc) refers to main.o(.text.fputc) for [Anonymous Symbol]
    main.o(.text.fgetc) refers (Special) to _scanf_int.o(.text) for _scanf_int
    main.o(.text.fgetc) refers to main.o(.bss..L_MergedGlobals) for .L_MergedGlobals
    main.o(.text.fgetc) refers to stm32f4xx_hal_uart.o(.text.HAL_UART_Receive) for HAL_UART_Receive
    main.o(.ARM.exidx.text.fgetc) refers (Special) to _scanf_int.o(.text) for _scanf_int
    main.o(.ARM.exidx.text.fgetc) refers to main.o(.text.fgetc) for [Anonymous Symbol]
    main.o(.text.main) refers (Special) to _scanf_int.o(.text) for _scanf_int
    main.o(.text.main) refers to stm32f4xx_hal.o(.text.HAL_Init) for HAL_Init
    main.o(.text.main) refers to main.o(.text.SystemClock_Config) for SystemClock_Config
    main.o(.text.main) refers to stm32f4xx_hal_gpio.o(.text.HAL_GPIO_Init) for HAL_GPIO_Init
    main.o(.text.main) refers to stm32f4xx_hal_cortex.o(.text.HAL_NVIC_SetPriority) for HAL_NVIC_SetPriority
    main.o(.text.main) refers to stm32f4xx_hal_cortex.o(.text.HAL_NVIC_EnableIRQ) for HAL_NVIC_EnableIRQ
    main.o(.text.main) refers to main.o(.bss.hadc1) for hadc1
    main.o(.text.main) refers to stm32f4xx_hal_adc.o(.text.HAL_ADC_Init) for HAL_ADC_Init
    main.o(.text.main) refers to stm32f4xx_hal_adc.o(.text.HAL_ADC_ConfigChannel) for HAL_ADC_ConfigChannel
    main.o(.text.main) refers to main.o(.bss..L_MergedGlobals) for .L_MergedGlobals
    main.o(.text.main) refers to main.o(.bss.htim3) for htim3
    main.o(.text.main) refers to stm32f4xx_hal_tim.o(.text.HAL_TIM_Base_Init) for HAL_TIM_Base_Init
    main.o(.text.main) refers to stm32f4xx_hal_tim.o(.text.HAL_TIM_ConfigClockSource) for HAL_TIM_ConfigClockSource
    main.o(.text.main) refers to stm32f4xx_hal_tim_ex.o(.text.HAL_TIMEx_MasterConfigSynchronization) for HAL_TIMEx_MasterConfigSynchronization
    main.o(.text.main) refers to stm32f4xx_hal_uart.o(.text.HAL_UART_Init) for HAL_UART_Init
    main.o(.text.main) refers to main.o(.bss.hsd) for hsd
    main.o(.text.main) refers to fatfs.o(.text.MX_FATFS_Init) for MX_FATFS_Init
    main.o(.text.main) refers to main.o(.bss.hadc2) for hadc2
    main.o(.text.main) refers to fatfs.o(.bss.SDFatFS) for SDFatFS
    main.o(.text.main) refers to ff.o(.text.f_mount) for f_mount
    main.o(.text.main) refers to fatfs.o(.bss..L_MergedGlobals) for retSD
    main.o(.text.main) refers to main.o(.rodata.str1.1) for .Lstr.15
    main.o(.text.main) refers to puts.o(i.puts) for puts
[...]
    [Anonymous Symbol]                       0x08002f24   Section        0  stm32f4xx_hal_tim_ex.o(.text.HAL_TIMEx_BreakCallback)
    [Anonymous Symbol]                       0x08002f28   Section        0  stm32f4xx_hal_tim_ex.o(.text.HAL_TIMEx_CommutCallback)
    [Anonymous Symbol]                       0x08002f2c   Section        0  stm32f4xx_hal_tim_ex.o(.text.HAL_TIMEx_MasterConfigSynchronization)
    [Anonymous Symbol]                       0x08002fe4   Section        0  stm32f4xx_hal_tim.o(.text.HAL_TIM_Base_Init)
    [Anonymous Symbol]                       0x08003040   Section        0  stm32f4xx_hal_msp.o(.text.HAL_TIM_Base_MspInit)
    [Anonymous Symbol]                       0x08003078   Section        0  stm32f4xx_hal_tim.o(.text.HAL_TIM_Base_Start)
    [Anonymous Symbol]                       0x0800311c   Section        0  stm32f4xx_hal_tim.o(.text.HAL_TIM_Base_Start_IT)
    [Anonymous Symbol]                       0x080031c8   Section        0  stm32f4xx_hal_tim.o(.text.HAL_TIM_ConfigClockSource)
    [Anonymous Symbol]                       0x08003364   Section        0  stm32f4xx_hal_tim.o(.text.HAL_TIM_IC_CaptureCallback)
    [Anonymous Symbol]                       0x08003368   Section        0  stm32f4xx_hal_tim.o(.text.HAL_TIM_IRQHandler)
    [Anonymous Symbol]                       0x080034d8   Section        0  stm32f4xx_hal_tim.o(.text.HAL_TIM_OC_DelayElapsedCallback)
    [Anonymous Symbol]                       0x080034dc   Section        0  stm32f4xx_hal_tim.o(.text.HAL_TIM_PWM_PulseFinishedCallback)
    [Anonymous Symbol]                       0x080034e0   Section        0  main.o(.text.HAL_TIM_PeriodElapsedCallback)
    [Anonymous Symbol]                       0x080034f4   Section        0  stm32f4xx_hal_tim.o(.text.HAL_TIM_TriggerCallback)
    [Anonymous Symbol]                       0x080034f8   Section        0  stm32f4xx_hal_uart.o(.text.HAL_UART_Init)
    [Anonymous Symbol]                       0x08003558   Section        0  stm32f4xx_hal_msp.o(.text.HAL_UART_MspInit)
    [Anonymous Symbol]                       0x080035c4   Section        0  stm32f4xx_hal_uart.o(.text.HAL_UART_Receive)
    [Anonymous Symbol]                       0x08003794   Section        0  stm32f4xx_hal_uart.o(.text.HAL_UART_Transmit)
    [Anonymous Symbol]                       0x08003a14   Section        0  stm32f4xx_it.o(.text.HardFault_Handler)
    [Anonymous Symbol]                       0x08003a18   Section        0  fatfs.o(.text.MX_FATFS_Init)
    [Anonymous Symbol]                       0x08003a34   Section        0  stm32f4xx_it.o(.text.MemManage_Handler)
    [Anonymous Symbol]                       0x08003a38   Section        0  stm32f4xx_it.o(.text.NMI_Handler)
    [Anonymous Symbol]                       0x08003a40   Section        0  stm32f4xx_it.o(.text.PendSV_Handler)
    [Anonymous Symbol]                       0x08003a44   Section        0  stm32f4xx_ll_sdmmc.o(.text.SDIO_ConfigData)
    [Anonymous Symbol]                       0x08003a6c   Section        0  stm32f4xx_ll_sdmmc.o(.text.SDIO_GetPowerState)
    [Anonymous Symbol]                       0x08003a74   Section        0  stm32f4xx_ll_sdmmc.o(.text.SDIO_GetResponse)
    [Anonymous Symbol]                       0x08003a7c   Section        0  stm32f4xx_it.o(.text.SDIO_IRQHandler)
    [Anonymous Symbol]                       0x08003a88   Section        0  stm32f4xx_ll_sdmmc.o(.text.SDIO_Init)
    [Anonymous Symbol]                       0x08003ab4   Section        0  stm32f4xx_ll_sdmmc.o(.text.SDIO_PowerState_ON)
    [Anonymous Symbol]                       0x08003ac0   Section        0  stm32f4xx_ll_sdmmc.o(.text.SDIO_ReadFIFO)
    [Anonymous Symbol]                       0x08003ac8   Section        0  stm32f4xx_ll_sdmmc.o(.text.SDIO_WriteFIFO)
    [Anonymous Symbol]                       0x08003ad4   Section        0  stm32f4xx_ll_sdmmc.o(.text.SDMMC_CmdAppCommand)
    [Anonymous Symbol]                       0x08003aec   Section        0  stm32f4xx_ll_sdmmc.o(.text.SDMMC_CmdAppOperCommand)
    [Anonymous Symbol]                       0x08003b7c   Section        0  stm32f4xx_ll_sdmmc.o(.text.SDMMC_CmdBlockLength)
    [Anonymous Symbol]                       0x08003b94   Section        0  stm32f4xx_ll_sdmmc.o(.text.SDMMC_CmdGoIdleState)
    [Anonymous Symbol]                       0x08003bf4   Section        0  stm32f4xx_ll_sdmmc.o(.text.SDMMC_CmdOperCond)
    [Anonymous Symbol]                       0x08003c9c   Section        0  stm32f4xx_ll_sdmmc.o(.text.SDMMC_CmdReadMultiBlock)
    [Anonymous Symbol]                       0x08003cb4   Section        0  stm32f4xx_ll_sdmmc.o(.text.SDMMC_CmdReadSingleBlock)
    [Anonymous Symbol]                       0x08003ccc   Section        0  stm32f4xx_ll_sdmmc.o(.text.SDMMC_CmdSelDesel)
    [Anonymous Symbol]                       0x08003ce4   Section        0  stm32f4xx_ll_sdmmc.o(.text.SDMMC_CmdSendCID)
    [Anonymous Symbol]                       0x08003d80   Section        0  stm32f4xx_ll_sdmmc.o(.text.SDMMC_CmdSendCSD)
    [Anonymous Symbol]                       0x08003e1c   Section        0  stm32f4xx_ll_sdmmc.o(.text.SDMMC_CmdSendStatus)
    [Anonymous Symbol]                       0x08003e34   Section        0  stm32f4xx_ll_sdmmc.o(.text.SDMMC_CmdSetRelAdd)
    [Anonymous Symbol]                       0x08003f00   Section        0  stm32f4xx_ll_sdmmc.o(.text.SDMMC_CmdStopTransfer)
    [Anonymous Symbol]                       0x08003f20   Section        0  stm32f4xx_ll_sdmmc.o(.text.SDMMC_CmdWriteMultiBlock)
    [Anonymous Symbol]                       0x08003f38   Section        0  stm32f4xx_ll_sdmmc.o(.text.SDMMC_CmdWriteSingleBlock)
    [Anonymous Symbol]                       0x08003f50   Section        0  stm32f4xx_ll_sdmmc.o(.text.SDMMC_GetCmdResp1)
    SD_DMARxAbort                            0x080040b9   Thumb Code   106  stm32f4xx_hal_sd.o(.text.SD_DMARxAbort)
    [Anonymous Symbol]                       0x080040b8   Section        0  stm32f4xx_hal_sd.o(.text.SD_DMARxAbort)
    SD_DMATxAbort                            0x08004125   Thumb Code   106  stm32f4xx_hal_sd.o(.text.SD_DMATxAbort)
    [Anonymous Symbol]                       0x08004124   Section        0  stm32f4xx_hal_sd.o(.text.SD_DMATxAbort)
    [Anonymous Symbol]                       0x08004190   Section        0  sd_diskio.o(.text.SD_initialize)
    [Anonymous Symbol]                       0x080041c8   Section        0  sd_diskio.o(.text.SD_ioctl)
    [Anonymous Symbol]                       0x0800422c   Section        0  sd_diskio.o(.text.SD_read)
    [Anonymous Symbol]                       0x08004250   Section        0  sd_diskio.o(.text.SD_status)
    [Anonymous Symbol]                       0x08004274   Section        0  sd_diskio.o(.text.SD_write)
    [Anonymous Symbol]                       0x08004298   Section        0  stm32f4xx_it.o(.text.SVC_Handler)
    [Anonymous Symbol]                       0x0800429c   Section        0  stm32f4xx_it.o(.text.SysTick_Handler)
    [Anonymous Symbol]                       0x080042a0   Section        0  main.o(.text.SystemClock_Config)
    [Anonymous Symbol]                       0x08004358   Section        0  system_stm32f4xx.o(.text.SystemInit)
    [Anonymous Symbol]                       0x0800436c   Section        0  stm32f4xx_it.o(.text.TIM1_UP_TIM10_IRQHandler)
    [Anonymous Symbol]                       0x08004378   Section        0  stm32f4xx_hal_tim.o(.text.TIM_Base_SetConfig)
    UART_SetConfig                           0x080044b5   Thumb Code   226  stm32f4xx_hal_uart.o(.text.UART_SetConfig)
    [Anonymous Symbol]                       0x080044b4   Section        0  stm32f4xx_hal_uart.o(.text.UART_SetConfig)
    [Anonymous Symbol]                       0x08004598   Section        0  stm32f4xx_it.o(.text.UsageFault_Handler)
    __NVIC_SystemReset                       0x0800459d   Thumb Code    42  stm32f4xx_hal_cortex.o(.text.__NVIC_SystemReset)
    [Anonymous Symbol]                       0x0800459c   Section        0  stm32f4xx_hal_cortex.o(.text.__NVIC_SystemReset)
    create_chain                             0x080045c9   Thumb Code   282  ff.o(.text.create_chain)
    [Anonymous Symbol]                       0x080045c8   Section        0  ff.o(.text.create_chain)
    dir_find                                 0x080046e5   Thumb Code  1672  ff.o(.text.dir_find)
    [Anonymous Symbol]                       0x080046e4   Section        0  ff.o(.text.dir_find)
    dir_next                                 0x08004d6d   Thumb Code   372  ff.o(.text.dir_next)
    [Anonymous Symbol]                       0x08004d6c   Section        0  ff.o(.text.dir_next)
    dir_register                             0x08004ee1   Thumb Code  2196  ff.o(.text.dir_register)
    [Anonymous Symbol]                       0x08004ee0   Section        0  ff.o(.text.dir_register)
    dir_sdi                                  0x08005775   Thumb Code   182  ff.o(.text.dir_sdi)
    [Anonymous Symbol]                       0x08005774   Section        0  ff.o(.text.dir_sdi)
    [Anonymous Symbol]                       0x0800582c   Section        0  diskio.o(.text.disk_initialize)
    [Anonymous Symbol]                       0x08005850   Section        0  diskio.o(.text.disk_ioctl)
    [Anonymous Symbol]                       0x08005868   Section        0  diskio.o(.text.disk_read)
    [Anonymous Symbol]                       0x08005888   Section        0  diskio.o(.text.disk_status)
    [Anonymous Symbol]                       0x080058a0   Section        0  diskio.o(.text.disk_write)
    [Anonymous Symbol]                       0x080058c0   Section        0  ff.o(.text.f_close)
    [Anonymous Symbol]                       0x08005928   Section        0  ff.o(.text.f_mount)
    [Anonymous Symbol]                       0x08005a38   Section        0  ff.o(.text.f_open)
    [Anonymous Symbol]                       0x08005e94   Section        0  ff.o(.text.f_sync)
    [Anonymous Symbol]                       0x08005f4c   Section        0  ff.o(.text.f_write)
    [Anonymous Symbol]                       0x08006258   Section        0  ccsbcs.o(.text.ff_convert)
    [Anonymous Symbol]                       0x0800638c   Section        0  ccsbcs.o(.text.ff_wtoupper)
    [Anonymous Symbol]                       0x0800645c   Section        0  main.o(.text.fgetc)
    find_volume                              0x08006489   Thumb Code  1302  ff.o(.text.find_volume)
    [Anonymous Symbol]                       0x08006488   Section        0  ff.o(.text.find_volume)
    follow_path                              0x080069a1   Thumb Code  1752  ff.o(.text.follow_path)
    [Anonymous Symbol]                       0x080069a0   Section        0  ff.o(.text.follow_path)
    [Anonymous Symbol]                       0x08007078   Section        0  main.o(.text.fputc)
    get_fat                                  0x0800709d   Thumb Code   208  ff.o(.text.get_fat)
    [Anonymous Symbol]                       0x0800709c   Section        0  ff.o(.text.get_fat)
    [Anonymous Symbol]                       0x0800716c   Section        0  fatfs.o(.text.get_fattime)
    [Anonymous Symbol]                       0x08007170   Section        0  main.o(.text.main)
    move_window                              0x08007a99   Thumb Code   148  ff.o(.text.move_window)
    [Anonymous Symbol]                       0x08007a98   Section        0  ff.o(.text.move_window)
    put_fat                                  0x08007b2d   Thumb Code   268  ff.o(.text.put_fat)
    [Anonymous Symbol]                       0x08007b2c   Section        0  ff.o(.text.put_fat)
    sync_fs                                  0x08007c39   Thumb Code   224  ff.o(.text.sync_fs)
    [Anonymous Symbol]                       0x08007c38   Section        0  ff.o(.text.sync_fs)
    sync_window                              0x08007d19   Thumb Code   110  ff.o(.text.sync_window)
    [Anonymous Symbol]                       0x08007d18   Section        0  ff.o(.text.sync_window)
    i.__0printf                              0x08007d88   Section        0  printfa.o(i.__0printf)
    i.__0sprintf                             0x08007da8   Section        0  printfa.o(i.__0sprintf)
    i.__scatterload_copy                     0x08007dd0   Section       14  handlers.o(i.__scatterload_copy)
    i.__scatterload_null                     0x08007dde   Section        2  handlers.o(i.__scatterload_null)
    i.__scatterload_zeroinit                 0x08007de0   Section       14  handlers.o(i.__scatterload_zeroinit)
    _fp_digits                               0x08007df1   Thumb Code   366  printfa.o(i._fp_digits)
    i._fp_digits                             0x08007df0   Section        0  printfa.o(i._fp_digits)
    _printf_core                             0x08007f75   Thumb Code  1744  printfa.o(i._printf_core)
    i._printf_core                           0x08007f74   Section        0  printfa.o(i._printf_core)
    _printf_post_padding                     0x08008651   Thumb Code    36  printfa.o(i._printf_post_padding)
    i._printf_post_padding                   0x08008650   Section        0  printfa.o(i._printf_post_padding)
    _printf_pre_padding                      0x08008675   Thumb Code    46  printfa.o(i._printf_pre_padding)
    i._printf_pre_padding                    0x08008674   Section        0  printfa.o(i._printf_pre_padding)
    _sputc                                   0x080086a3   Thumb Code    10  printfa.o(i._sputc)
    i._sputc                                 0x080086a2   Section        0  printfa.o(i._sputc)
    i.puts                                   0x080086ac   Section        0  puts.o(i.puts)
    .constdata                               0x080086d0   Section       64  ctype_c.o(.constdata)
    ExCvt                                    0x08008728   Data         128  ff.o(.rodata.ExCvt)
    [Anonymous Symbol]                       0x08008728   Section        0  ff.o(.rodata.ExCvt)
    Tbl                                      0x080087bc   Data         256  ccsbcs.o(.rodata.Tbl)
    [Anonymous Symbol]                       0x080087bc   Section        0  ccsbcs.o(.rodata.Tbl)
    DMA_CalcBaseAndBitshift.flagBitshiftOffset 0x080088bc   Data           8  stm32f4xx_hal_dma.o(.rodata.cst8)
    [Anonymous Symbol]                       0x080088bc   Section        0  stm32f4xx_hal_dma.o(.rodata.cst8)
    .L.str.7                                 0x080088c4   Data          12  main.o(.rodata.str1.1)
    [Anonymous Symbol]                       0x080088c4   Section        0  main.o(.rodata.str1.1)
    .L.str.9                                 0x080088d0   Data          35  main.o(.rodata.str1.1)
    .Lstr.20                                 0x080088f3   Data          24  main.o(.rodata.str1.1)
    .Lstr.15                                 0x0800890b   Data          24  main.o(.rodata.str1.1)
    .Lstr.21                                 0x08008923   Data          23  main.o(.rodata.str1.1)
    .Lstr.22                                 0x0800893a   Data          35  main.o(.rodata.str1.1)
    .Lstr.19                                 0x0800895d   Data          23  main.o(.rodata.str1.1)
    .Lstr.16                                 0x08008974   Data          56  main.o(.rodata.str1.1)
    .L.str.5                                 0x080089ac   Data           3  main.o(.rodata.str1.1)
    .L.str.8                                 0x080089af   Data          25  main.o(.rodata.str1.1)
    ff_wtoupper.cvt2                         0x080089c8   Data         188  ccsbcs.o(.rodata.str2.2)
    [Anonymous Symbol]                       0x080089c8   Section        0  ccsbcs.o(.rodata.str2.2)
    ff_wtoupper.cvt1                         0x08008a84   Data         498  ccsbcs.o(.rodata.str2.2)
    .data                                    0x20000000   Section        4  stdin.o(.data)
    .data                                    0x20000004   Section        4  stdout.o(.data)
    ungetc_sp                                0x20000008   Data           1  fgetc_b.o(.data)
    .data                                    0x20000008   Section        3  fgetc_b.o(.data)
    ungetc_stack                             0x20000009   Data           2  fgetc_b.o(.data)
    .L_MergedGlobals                         0x2000000c   Data           8  stm32f4xx_hal.o(.data..L_MergedGlobals)
    [Anonymous Symbol]                       0x2000000c   Section        0  stm32f4xx_hal.o(.data..L_MergedGlobals)
    Stat                                     0x20000014   Data           1  sd_diskio.o(.data.Stat)
    [Anonymous Symbol]                       0x20000014   Section        0  sd_diskio.o(.data.Stat)
    .L_MergedGlobals                         0x20000020   Data          96  main.o(.bss..L_MergedGlobals)
    [Anonymous Symbol]                       0x20000020   Section        0  main.o(.bss..L_MergedGlobals)
    .L_MergedGlobals                         0x20000080   Data           5  fatfs.o(.bss..L_MergedGlobals)
    [Anonymous Symbol]                       0x20000080   Section        0  fatfs.o(.bss..L_MergedGlobals)
    .L_MergedGlobals                         0x20000088   Data          40  ff.o(.bss..L_MergedGlobals)
    Fsid                                     0x20000088   Data           2  ff.o(.bss..L_MergedGlobals)
    [Anonymous Symbol]                       0x20000088   Section        0  ff.o(.bss..L_MergedGlobals)
    FatFs.0                                  0x2000008c   Data           4  ff.o(.bss..L_MergedGlobals)
    Files                                    0x20000090   Data          32  ff.o(.bss..L_MergedGlobals)
    STACK                                    0x20000558   Section    65536  startup_stm32f407xx.o(STACK)

    Global Symbols

    Symbol Name                              Value     Ov Type        Size  Object(Section)

    BuildAttributes$$THM_ISAv4$E$P$D$K$B$S$7EM$VFPi3$EXTD16$VFPS$VFMA$PE$A:L22UL41UL21$X:L11$S22US41US21$IEEE1$IW$~IW$USESV6$~STKCKD$USESV7$~SHL$OTIME$ROPI$EBA8$MICROLIB$REQ8$PRES8$EABIv2 0x00000000   Number         0  anon$$obj.o ABSOLUTE
    _printf_a                                0x00000000   Number         0  printfstubs.o ABSOLUTE
    _printf_c                                0x00000000   Number         0  printfstubs.o ABSOLUTE
    _printf_charcount                        0x00000000   Number         0  printfstubs.o ABSOLUTE
    _printf_d                                0x00000000   Number         0  printfstubs.o ABSOLUTE
    _printf_e                                0x00000000   Number         0  printfstubs.o ABSOLUTE
    _printf_f                                0x00000000   Number         0  printfstubs.o ABSOLUTE
    _printf_flags                            0x00000000   Number         0  printfstubs.o ABSOLUTE
    _printf_fp_dec                           0x00000000   Number         0  printfstubs.o ABSOLUTE
    _printf_fp_hex                           0x00000000   Number         0  printfstubs.o ABSOLUTE
    _printf_g                                0x00000000   Number         0  printfstubs.o ABSOLUTE
    _printf_i                                0x00000000   Number         0  printfstubs.o ABSOLUTE
    _printf_int_dec                          0x00000000   Number         0  printfstubs.o ABSOLUTE
    _printf_l                                0x00000000   Number         0  printfstubs.o ABSOLUTE
    _printf_lc                               0x00000000   Number         0  printfstubs.o ABSOLUTE
    _printf_ll                               0x00000000   Number         0  printfstubs.o ABSOLUTE
    _printf_lld                              0x00000000   Number         0  printfstubs.o ABSOLUTE
    _printf_lli                              0x00000000   Number         0  printfstubs.o ABSOLUTE
    _printf_llo                              0x00000000   Number         0  printfstubs.o ABSOLUTE
    _printf_llu                              0x00000000   Number         0  printfstubs.o ABSOLUTE
    _printf_llx                              0x00000000   Number         0  printfstubs.o ABSOLUTE
    _printf_longlong_dec                     0x00000000   Number         0  printfstubs.o ABSOLUTE
    _printf_longlong_hex                     0x00000000   Number         0  printfstubs.o ABSOLUTE
    _printf_longlong_oct                     0x00000000   Number         0  printfstubs.o ABSOLUTE
    _printf_ls                               0x00000000   Number         0  printfstubs.o ABSOLUTE
    _printf_mbtowc                           0x00000000   Number         0  printfstubs.o ABSOLUTE
    _printf_n                                0x00000000   Number         0  printfstubs.o ABSOLUTE
    _printf_o                                0x00000000   Number         0  printfstubs.o ABSOLUTE
    _printf_p                                0x00000000   Number         0  printfstubs.o ABSOLUTE
    _printf_percent                          0x00000000   Number         0  printfstubs.o ABSOLUTE
    _printf_pre_padding                      0x00000000   Number         0  printfstubs.o ABSOLUTE
    _printf_return_value                     0x00000000   Number         0  printfstubs.o ABSOLUTE
    _printf_s                                0x00000000   Number         0  printfstubs.o ABSOLUTE
    _printf_sizespec                         0x00000000   Number         0  printfstubs.o ABSOLUTE
    _printf_str                              0x00000000   Number         0  printfstubs.o ABSOLUTE
    _printf_truncate_signed                  0x00000000   Number         0  printfstubs.o ABSOLUTE
    _printf_truncate_unsigned                0x00000000   Number         0  printfstubs.o ABSOLUTE
    _printf_u                                0x00000000   Number         0  printfstubs.o ABSOLUTE
    _printf_wc                               0x00000000   Number         0  printfstubs.o ABSOLUTE
    _printf_wctomb                           0x00000000   Number         0  printfstubs.o ABSOLUTE
    _printf_widthprec                        0x00000000   Number         0  printfstubs.o ABSOLUTE
    _printf_x                                0x00000000   Number         0  printfstubs.o ABSOLUTE
    __cpp_initialize__aeabi_                  - Undefined Weak Reference
    __cxa_finalize                            - Undefined Weak Reference
    __decompress                              - Undefined Weak Reference
    _clock_init                               - Undefined Weak Reference
    _microlib_exit                            - Undefined Weak Reference
    _scanf_longlong                           - Undefined Weak Reference
    _scanf_real                               - Undefined Weak Reference
    _scanf_string                             - Undefined Weak Reference
    __Vectors_Size                           0x00000188   Number         0  startup_stm32f407xx.o ABSOLUTE
    __Vectors                                0x08000000   Data           4  startup_stm32f407xx.o(RESET)
    __Vectors_End                            0x08000188   Data           0  startup_stm32f407xx.o(RESET)
    __main                                   0x08000189   Thumb Code     0  entry.o(.ARM.Collect$$$$00000000)
    _main_stk                                0x08000189   Thumb Code     0  entry2.o(.ARM.Collect$$$$00000001)
    _main_scatterload                        0x0800018d   Thumb Code     0  entry5.o(.ARM.Collect$$$$00000004)
    __main_after_scatterload                 0x08000191   Thumb Code     0  entry5.o(.ARM.Collect$$$$00000004)
    _main_clock                              0x08000191   Thumb Code     0  entry7b.o(.ARM.Collect$$$$00000008)
    _main_cpp_init                           0x08000191   Thumb Code     0  entry8b.o(.ARM.Collect$$$$0000000A)
    _main_init                               0x08000191   Thumb Code     0  entry9a.o(.ARM.Collect$$$$0000000B)
    __rt_final_cpp                           0x08000199   Thumb Code     0  entry10a.o(.ARM.Collect$$$$0000000D)
    __rt_final_exit                          0x08000199   Thumb Code     0  entry11a.o(.ARM.Collect$$$$0000000F)
    Reset_Handler                            0x0800019d   Thumb Code     8  startup_stm32f407xx.o(.text)
    CAN1_RX0_IRQHandler                      0x080001b7   Thumb Code     0  startup_stm32f407xx.o(.text)
    CAN1_RX1_IRQHandler                      0x080001b7   Thumb Code     0  startup_stm32f407xx.o(.text)
    CAN1_SCE_IRQHandler                      0x080001b7   Thumb Code     0  startup_stm32f407xx.o(.text)
    CAN1_TX_IRQHandler                       0x080001b7   Thumb Code     0  startup_stm32f407xx.o(.text)
    CAN2_RX0_IRQHandler                      0x080001b7   Thumb Code     0  startup_stm32f407xx.o(.text)
    CAN2_RX1_IRQHandler                      0x080001b7   Thumb Code     0  startup_stm32f407xx.o(.text)
    CAN2_SCE_IRQHandler                      0x080001b7   Thumb Code     0  startup_stm32f407xx.o(.text)
    CAN2_TX_IRQHandler                       0x080001b7   Thumb Code     0  startup_stm32f407xx.o(.text)
    DCMI_IRQHandler                          0x080001b7   Thumb Code     0  startup_stm32f407xx.o(.text)
    DMA1_Stream0_IRQHandler                  0x080001b7   Thumb Code     0  startup_stm32f407xx.o(.text)
    DMA1_Stream1_IRQHandler                  0x080001b7   Thumb Code     0  startup_stm32f407xx.o(.text)
    DMA1_Stream2_IRQHandler                  0x080001b7   Thumb Code     0  startup_stm32f407xx.o(.text)
    DMA1_Stream3_IRQHandler                  0x080001b7   Thumb Code     0  startup_stm32f407xx.o(.text)
    DMA1_Stream4_IRQHandler                  0x080001b7   Thumb Code     0  startup_stm32f407xx.o(.text)
    DMA1_Stream5_IRQHandler                  0x080001b7   Thumb Code     0  startup_stm32f407xx.o(.text)
    DMA1_Stream6_IRQHandler                  0x080001b7   Thumb Code     0  startup_stm32f407xx.o(.text)
    DMA1_Stream7_IRQHandler                  0x080001b7   Thumb Code     0  startup_stm32f407xx.o(.text)
    DMA2_Stream1_IRQHandler                  0x080001b7   Thumb Code     0  startup_stm32f407xx.o(.text)
    DMA2_Stream3_IRQHandler                  0x080001b7   Thumb Code     0  startup_stm32f407xx.o(.text)
    DMA2_Stream4_IRQHandler                  0x080001b7   Thumb Code     0  startup_stm32f407xx.o(.text)
    DMA2_Stream5_IRQHandler                  0x080001b7   Thumb Code     0  startup_stm32f407xx.o(.text)
    DMA2_Stream6_IRQHandler                  0x080001b7   Thumb Code     0  startup_stm32f407xx.o(.text)
    DMA2_Stream7_IRQHandler                  0x080001b7   Thumb Code     0  startup_stm32f407xx.o(.text)
    ETH_IRQHandler                           0x080001b7   Thumb Code     0  startup_stm32f407xx.o(.text)
    ETH_WKUP_IRQHandler                      0x080001b7   Thumb Code     0  startup_stm32f407xx.o(.text)
    EXTI0_IRQHandler                         0x080001b7   Thumb Code     0  startup_stm32f407xx.o(.text)
    EXTI15_10_IRQHandler                     0x080001b7   Thumb Code     0  startup_stm32f407xx.o(.text)
    EXTI1_IRQHandler                         0x080001b7   Thumb Code     0  startup_stm32f407xx.o(.text)
    EXTI2_IRQHandler                         0x080001b7   Thumb Code     0  startup_stm32f407xx.o(.text)
    EXTI3_IRQHandler                         0x080001b7   Thumb Code     0  startup_stm32f407xx.o(.text)
    EXTI4_IRQHandler                         0x080001b7   Thumb Code     0  startup_stm32f407xx.o(.text)
    EXTI9_5_IRQHandler                       0x080001b7   Thumb Code     0  startup_stm32f407xx.o(.text)
    FLASH_IRQHandler                         0x080001b7   Thumb Code     0  startup_stm32f407xx.o(.text)
    FMC_IRQHandler                           0x080001b7   Thumb Code     0  startup_stm32f407xx.o(.text)
    FPU_IRQHandler                           0x080001b7   Thumb Code     0  startup_stm32f407xx.o(.text)
    HASH_RNG_IRQHandler                      0x080001b7   Thumb Code     0  startup_stm32f407xx.o(.text)
    I2C1_ER_IRQHandler                       0x080001b7   Thumb Code     0  startup_stm32f407xx.o(.text)
    I2C1_EV_IRQHandler                       0x080001b7   Thumb Code     0  startup_stm32f407xx.o(.text)
    I2C2_ER_IRQHandler                       0x080001b7   Thumb Code     0  startup_stm32f407xx.o(.text)
    I2C2_EV_IRQHandler                       0x080001b7   Thumb Code     0  startup_stm32f407xx.o(.text)
    I2C3_ER_IRQHandler                       0x080001b7   Thumb Code     0  startup_stm32f407xx.o(.text)
    I2C3_EV_IRQHandler                       0x080001b7   Thumb Code     0  startup_stm32f407xx.o(.text)
    OTG_FS_IRQHandler                        0x080001b7   Thumb Code     0  startup_stm32f407xx.o(.text)
    OTG_FS_WKUP_IRQHandler                   0x080001b7   Thumb Code     0  startup_stm32f407xx.o(.text)
    OTG_HS_EP1_IN_IRQHandler                 0x080001b7   Thumb Code     0  startup_stm32f407xx.o(.text)
    OTG_HS_EP1_OUT_IRQHandler                0x080001b7   Thumb Code     0  startup_stm32f407xx.o(.text)
    OTG_HS_IRQHandler                        0x080001b7   Thumb Code     0  startup_stm32f407xx.o(.text)
    OTG_HS_WKUP_IRQHandler                   0x080001b7   Thumb Code     0  startup_stm32f407xx.o(.text)
    PVD_IRQHandler                           0x080001b7   Thumb Code     0  startup_stm32f407xx.o(.text)
    RCC_IRQHandler                           0x080001b7   Thumb Code     0  startup_stm32f407xx.o(.text)
    RTC_Alarm_IRQHandler                     0x080001b7   Thumb Code     0  startup_stm32f407xx.o(.text)
    RTC_WKUP_IRQHandler                      0x080001b7   Thumb Code     0  startup_stm32f407xx.o(.text)
    SPI1_IRQHandler                          0x080001b7   Thumb Code     0  startup_stm32f407xx.o(.text)
    SPI2_IRQHandler                          0x080001b7   Thumb Code     0  startup_stm32f407xx.o(.text)
    SPI3_IRQHandler                          0x080001b7   Thumb Code     0  startup_stm32f407xx.o(.text)
    TAMP_STAMP_IRQHandler                    0x080001b7   Thumb Code     0  startup_stm32f407xx.o(.text)
    TIM1_BRK_TIM9_IRQHandler                 0x080001b7   Thumb Code     0  startup_stm32f407xx.o(.text)
    TIM1_CC_IRQHandler                       0x080001b7   Thumb Code     0  startup_stm32f407xx.o(.text)
    TIM1_TRG_COM_TIM11_IRQHandler            0x080001b7   Thumb Code     0  startup_stm32f407xx.o(.text)
    TIM2_IRQHandler                          0x080001b7   Thumb Code     0  startup_stm32f407xx.o(.text)
    TIM3_IRQHandler                          0x080001b7   Thumb Code     0  startup_stm32f407xx.o(.text)
    TIM4_IRQHandler                          0x080001b7   Thumb Code     0  startup_stm32f407xx.o(.text)
    TIM5_IRQHandler                          0x080001b7   Thumb Code     0  startup_stm32f407xx.o(.text)
    TIM6_DAC_IRQHandler                      0x080001b7   Thumb Code     0  startup_stm32f407xx.o(.text)
    TIM7_IRQHandler                          0x080001b7   Thumb Code     0  startup_stm32f407xx.o(.text)
    TIM8_BRK_TIM12_IRQHandler                0x080001b7   Thumb Code     0  startup_stm32f407xx.o(.text)
    TIM8_CC_IRQHandler                       0x080001b7   Thumb Code     0  startup_stm32f407xx.o(.text)
    TIM8_TRG_COM_TIM14_IRQHandler            0x080001b7   Thumb Code     0  startup_stm32f407xx.o(.text)
    TIM8_UP_TIM13_IRQHandler                 0x080001b7   Thumb Code     0  startup_stm32f407xx.o(.text)
    UART4_IRQHandler                         0x080001b7   Thumb Code     0  startup_stm32f407xx.o(.text)
    UART5_IRQHandler                         0x080001b7   Thumb Code     0  startup_stm32f407xx.o(.text)
    USART1_IRQHandler                        0x080001b7   Thumb Code     0  startup_stm32f407xx.o(.text)
    USART2_IRQHandler                        0x080001b7   Thumb Code     0  startup_stm32f407xx.o(.text)
    USART3_IRQHandler                        0x080001b7   Thumb Code     0  startup_stm32f407xx.o(.text)
    USART6_IRQHandler                        0x080001b7   Thumb Code     0  startup_stm32f407xx.o(.text)
    WWDG_IRQHandler                          0x080001b7   Thumb Code     0  startup_stm32f407xx.o(.text)
    __aeabi_uldivmod                         0x080001c1   Thumb Code    98  uldiv.o(.text)
    __aeabi_memset                           0x08000223   Thumb Code    14  memseta.o(.text)
    __aeabi_memset4                          0x08000223   Thumb Code     0  memseta.o(.text)
    __aeabi_memset8                          0x08000223   Thumb Code     0  memseta.o(.text)
    __aeabi_memclr                           0x08000231   Thumb Code     4  memseta.o(.text)
    __aeabi_memclr4                          0x08000231   Thumb Code     0  memseta.o(.text)
    __aeabi_memclr8                          0x08000231   Thumb Code     0  memseta.o(.text)
    _memset$wrapper                          0x08000235   Thumb Code    18  memseta.o(.text)
    __0scanf                                 0x08000249   Thumb Code    26  __0scanf.o(.text)
    _scanf_int                               0x08000269   Thumb Code   332  _scanf_int.o(.text)
    __aeabi_dmul                             0x080003b5   Thumb Code   228  dmul.o(.text)
    __aeabi_ddiv                             0x08000499   Thumb Code   222  ddiv.o(.text)
    __aeabi_ui2d                             0x08000577   Thumb Code    26  dfltui.o(.text)
    __aeabi_uidiv                            0x08000591   Thumb Code     0  uidiv.o(.text)
    __aeabi_uidivmod                         0x08000591   Thumb Code    44  uidiv.o(.text)
    __aeabi_llsl                             0x080005bd   Thumb Code    30  llshl.o(.text)
    _ll_shift_l                              0x080005bd   Thumb Code     0  llshl.o(.text)
    __aeabi_llsr                             0x080005db   Thumb Code    32  llushr.o(.text)
    _ll_ushift_r                             0x080005db   Thumb Code     0  llushr.o(.text)
    _chval                                   0x080005fb   Thumb Code    28  _chval.o(.text)
    __vfscanf_char_file                      0x08000619   Thumb Code    12  scanf_char_file.o(.text)
    __I$use$fp                               0x0800062d   Thumb Code     0  iusefp.o(.text)
    _double_round                            0x0800062d   Thumb Code    30  depilogue.o(.text)
    _double_epilogue                         0x0800064b   Thumb Code   156  depilogue.o(.text)
    __aeabi_dadd                             0x080006e7   Thumb Code   322  dadd.o(.text)
    __aeabi_dsub                             0x08000829   Thumb Code     6  dadd.o(.text)
    __aeabi_drsub                            0x0800082f   Thumb Code     6  dadd.o(.text)
    __aeabi_d2ulz                            0x08000835   Thumb Code    48  dfixul.o(.text)
    __aeabi_cdrcmple                         0x08000865   Thumb Code    48  cdrcmple.o(.text)
    __scatterload                            0x08000895   Thumb Code    28  init.o(.text)
    __scatterload_rt2                        0x08000895   Thumb Code     0  init.o(.text)
    _fgetc$bs                                0x080008b9   Thumb Code    28  fgetc_b.o(.text)
    __backspace                              0x080008d5   Thumb Code    10  fgetc_b.o(.text)
    __aeabi_lasr                             0x080008e5   Thumb Code    36  llsshr.o(.text)
    _ll_sshift_r                             0x080008e5   Thumb Code     0  llsshr.o(.text)
    __vfscanf_char                           0x08000915   Thumb Code    20  scanf_char.o(.text)
    __semihosting_library_function           0x08000931   Thumb Code     0  semi.o(.text)
    isspace                                  0x08000931   Thumb Code    10  isspace_c.o(.text)
    __vfscanf                                0x0800093d   Thumb Code   808  _scanf.o(.text)
    __I$use$semihosting$fgetc                0x08000c69   Thumb Code     0  iusesemig.o(.text)
    __ctype_lookup                           0x08000c69   Thumb Code    34  ctype_c.o(.text)
    ADC_IRQHandler                           0x08000d1d   Thumb Code    30  stm32f4xx_it.o(.text.ADC_IRQHandler)
    BSP_SD_AbortCallback                     0x08000d3d   Thumb Code     2  bsp_driver_sd.o(.text.BSP_SD_AbortCallback)
    BSP_SD_GetCardInfo                       0x08000d41   Thumb Code    14  bsp_driver_sd.o(.text.BSP_SD_GetCardInfo)
    BSP_SD_GetCardState                      0x08000d51   Thumb Code    22  bsp_driver_sd.o(.text.BSP_SD_GetCardState)
    BSP_SD_Init                              0x08000d69   Thumb Code    30  bsp_driver_sd.o(.text.BSP_SD_Init)
    BSP_SD_IsDetected                        0x08000d89   Thumb Code    16  bsp_driver_sd.o(.text.BSP_SD_IsDetected)
    BSP_SD_ReadBlocks                        0x08000d99   Thumb Code    38  bsp_driver_sd.o(.text.BSP_SD_ReadBlocks)
    BSP_SD_ReadCpltCallback                  0x08000dc1   Thumb Code     2  bsp_driver_sd.o(.text.BSP_SD_ReadCpltCallback)
    BSP_SD_WriteBlocks                       0x08000dc5   Thumb Code    38  bsp_driver_sd.o(.text.BSP_SD_WriteBlocks)
    BSP_SD_WriteCpltCallback                 0x08000ded   Thumb Code     2  bsp_driver_sd.o(.text.BSP_SD_WriteCpltCallback)
    BusFault_Handler                         0x08000df1   Thumb Code     2  stm32f4xx_it.o(.text.BusFault_Handler)
    DMA2_Stream0_IRQHandler                  0x08000df5   Thumb Code    36  stm32f4xx_it.o(.text.DMA2_Stream0_IRQHandler)
    DMA2_Stream2_IRQHandler                  0x08000e19   Thumb Code    12  stm32f4xx_it.o(.text.DMA2_Stream2_IRQHandler)
    DebugMon_Handler                         0x08000e25   Thumb Code     2  stm32f4xx_it.o(.text.DebugMon_Handler)
    Error_Handler                            0x08000e29   Thumb Code    10  main.o(.text.Error_Handler)
    FATFS_LinkDriver                         0x08000e35   Thumb Code    76  ff_gen_drv.o(.text.FATFS_LinkDriver)
    HAL_ADCEx_InjectedConvCpltCallback       0x08000e81   Thumb Code     2  stm32f4xx_hal_adc_ex.o(.text.HAL_ADCEx_InjectedConvCpltCallback)
    HAL_ADC_ConfigChannel                    0x08000e85   Thumb Code   320  stm32f4xx_hal_adc.o(.text.HAL_ADC_ConfigChannel)
    HAL_ADC_ConvCpltCallback                 0x08000fc5   Thumb Code     2  stm32f4xx_hal_adc.o(.text.HAL_ADC_ConvCpltCallback)
    HAL_ADC_ConvHalfCpltCallback             0x08000fc9   Thumb Code     2  stm32f4xx_hal_adc.o(.text.HAL_ADC_ConvHalfCpltCallback)
    HAL_ADC_ErrorCallback                    0x08000fcd   Thumb Code     2  stm32f4xx_hal_adc.o(.text.HAL_ADC_ErrorCallback)
    HAL_ADC_IRQHandler                       0x08000fd1   Thumb Code   310  stm32f4xx_hal_adc.o(.text.HAL_ADC_IRQHandler)
    HAL_ADC_Init                             0x08001109   Thumb Code   350  stm32f4xx_hal_adc.o(.text.HAL_ADC_Init)
    HAL_ADC_LevelOutOfWindowCallback         0x08001269   Thumb Code     2  stm32f4xx_hal_adc.o(.text.HAL_ADC_LevelOutOfWindowCallback)
    HAL_ADC_MspInit                          0x0800126d   Thumb Code   324  stm32f4xx_hal_msp.o(.text.HAL_ADC_MspInit)
    HAL_ADC_Start_DMA                        0x080013b1   Thumb Code   416  stm32f4xx_hal_adc.o(.text.HAL_ADC_Start_DMA)
    HAL_DMA_Abort_IT                         0x08001551   Thumb Code    36  stm32f4xx_hal_dma.o(.text.HAL_DMA_Abort_IT)
    HAL_DMA_IRQHandler                       0x08001575   Thumb Code   448  stm32f4xx_hal_dma.o(.text.HAL_DMA_IRQHandler)
    HAL_DMA_Init                             0x08001735   Thumb Code   354  stm32f4xx_hal_dma.o(.text.HAL_DMA_Init)
    HAL_DMA_Start_IT                         0x08001899   Thumb Code   158  stm32f4xx_hal_dma.o(.text.HAL_DMA_Start_IT)
    HAL_Delay                                0x08001939   Thumb Code    40  stm32f4xx_hal.o(.text.HAL_Delay)
    HAL_GPIO_Init                            0x08001961   Thumb Code   442  stm32f4xx_hal_gpio.o(.text.HAL_GPIO_Init)
    HAL_GetTick                              0x08001b1d   Thumb Code    12  stm32f4xx_hal.o(.text.HAL_GetTick)
    HAL_IncTick                              0x08001b29   Thumb Code    26  stm32f4xx_hal.o(.text.HAL_IncTick)
    HAL_Init                                 0x08001b45   Thumb Code    54  stm32f4xx_hal.o(.text.HAL_Init)
    HAL_InitTick                             0x08001b7d   Thumb Code   180  stm32f4xx_hal_timebase_tim.o(.text.HAL_InitTick)
    HAL_MspInit                              0x08001c31   Thumb Code    56  stm32f4xx_hal_msp.o(.text.HAL_MspInit)
    HAL_NVIC_EnableIRQ                       0x08001c69   Thumb Code    32  stm32f4xx_hal_cortex.o(.text.HAL_NVIC_EnableIRQ)
    HAL_NVIC_SetPriority                     0x08001c89   Thumb Code    86  stm32f4xx_hal_cortex.o(.text.HAL_NVIC_SetPriority)
    HAL_NVIC_SetPriorityGrouping             0x08001ce1   Thumb Code    32  stm32f4xx_hal_cortex.o(.text.HAL_NVIC_SetPriorityGrouping)
    HAL_NVIC_SystemReset                     0x08001d01   Thumb Code     4  stm32f4xx_hal_cortex.o(.text.HAL_NVIC_SystemReset)
    HAL_RCC_CSSCallback                      0x08001d05   Thumb Code     2  stm32f4xx_hal_rcc.o(.text.HAL_RCC_CSSCallback)
    HAL_RCC_ClockConfig                      0x08001d09   Thumb Code   352  stm32f4xx_hal_rcc.o(.text.HAL_RCC_ClockConfig)
    HAL_RCC_EnableCSS                        0x08001e69   Thumb Code    12  stm32f4xx_hal_rcc.o(.text.HAL_RCC_EnableCSS)
    HAL_RCC_GetClockConfig                   0x08001e75   Thumb Code    62  stm32f4xx_hal_rcc.o(.text.HAL_RCC_GetClockConfig)
    HAL_RCC_GetPCLK1Freq                     0x08001eb5   Thumb Code    38  stm32f4xx_hal_rcc.o(.text.HAL_RCC_GetPCLK1Freq)
    HAL_RCC_GetPCLK2Freq                     0x08001edd   Thumb Code    38  stm32f4xx_hal_rcc.o(.text.HAL_RCC_GetPCLK2Freq)
    HAL_RCC_GetSysClockFreq                  0x08001f05   Thumb Code   108  stm32f4xx_hal_rcc.o(.text.HAL_RCC_GetSysClockFreq)
    HAL_RCC_NMI_IRQHandler                   0x08001f71   Thumb Code    28  stm32f4xx_hal_rcc.o(.text.HAL_RCC_NMI_IRQHandler)
    HAL_RCC_OscConfig                        0x08001f8d   Thumb Code   888  stm32f4xx_hal_rcc.o(.text.HAL_RCC_OscConfig)
    HAL_SD_AbortCallback                     0x08002305   Thumb Code     4  bsp_driver_sd.o(.text.HAL_SD_AbortCallback)
    HAL_SD_ErrorCallback                     0x08002309   Thumb Code     2  stm32f4xx_hal_sd.o(.text.HAL_SD_ErrorCallback)
    HAL_SD_GetCardCSD                        0x0800230d   Thumb Code   390  stm32f4xx_hal_sd.o(.text.HAL_SD_GetCardCSD)
    HAL_SD_GetCardInfo                       0x08002495   Thumb Code    36  stm32f4xx_hal_sd.o(.text.HAL_SD_GetCardInfo)
    HAL_SD_GetCardState                      0x080024b9   Thumb Code    42  stm32f4xx_hal_sd.o(.text.HAL_SD_GetCardState)
    HAL_SD_IRQHandler                        0x080024e5   Thumb Code   672  stm32f4xx_hal_sd.o(.text.HAL_SD_IRQHandler)
    HAL_SD_Init                              0x08002785   Thumb Code    64  stm32f4xx_hal_sd.o(.text.HAL_SD_Init)
    HAL_SD_InitCard                          0x080027c5   Thumb Code   556  stm32f4xx_hal_sd.o(.text.HAL_SD_InitCard)
    HAL_SD_MspInit                           0x080029f1   Thumb Code   180  stm32f4xx_hal_msp.o(.text.HAL_SD_MspInit)
    HAL_SD_ReadBlocks                        0x08002aa5   Thumb Code   580  stm32f4xx_hal_sd.o(.text.HAL_SD_ReadBlocks)
    HAL_SD_RxCpltCallback                    0x08002ce9   Thumb Code     4  bsp_driver_sd.o(.text.HAL_SD_RxCpltCallback)
    HAL_SD_TxCpltCallback                    0x08002ced   Thumb Code     4  bsp_driver_sd.o(.text.HAL_SD_TxCpltCallback)
    HAL_SD_WriteBlocks                       0x08002cf1   Thumb Code   562  stm32f4xx_hal_sd.o(.text.HAL_SD_WriteBlocks)
    HAL_TIMEx_BreakCallback                  0x08002f25   Thumb Code     2  stm32f4xx_hal_tim_ex.o(.text.HAL_TIMEx_BreakCallback)
    HAL_TIMEx_CommutCallback                 0x08002f29   Thumb Code     2  stm32f4xx_hal_tim_ex.o(.text.HAL_TIMEx_CommutCallback)
    HAL_TIMEx_MasterConfigSynchronization    0x08002f2d   Thumb Code   182  stm32f4xx_hal_tim_ex.o(.text.HAL_TIMEx_MasterConfigSynchronization)
    HAL_TIM_Base_Init                        0x08002fe5   Thumb Code    90  stm32f4xx_hal_tim.o(.text.HAL_TIM_Base_Init)
    HAL_TIM_Base_MspInit                     0x08003041   Thumb Code    54  stm32f4xx_hal_msp.o(.text.HAL_TIM_Base_MspInit)
    HAL_TIM_Base_Start                       0x08003079   Thumb Code   162  stm32f4xx_hal_tim.o(.text.HAL_TIM_Base_Start)
    HAL_TIM_Base_Start_IT                    0x0800311d   Thumb Code   170  stm32f4xx_hal_tim.o(.text.HAL_TIM_Base_Start_IT)
    HAL_TIM_ConfigClockSource                0x080031c9   Thumb Code   412  stm32f4xx_hal_tim.o(.text.HAL_TIM_ConfigClockSource)
    HAL_TIM_IC_CaptureCallback               0x08003365   Thumb Code     2  stm32f4xx_hal_tim.o(.text.HAL_TIM_IC_CaptureCallback)
    HAL_TIM_IRQHandler                       0x08003369   Thumb Code   368  stm32f4xx_hal_tim.o(.text.HAL_TIM_IRQHandler)
    HAL_TIM_OC_DelayElapsedCallback          0x080034d9   Thumb Code     2  stm32f4xx_hal_tim.o(.text.HAL_TIM_OC_DelayElapsedCallback)
    HAL_TIM_PWM_PulseFinishedCallback        0x080034dd   Thumb Code     2  stm32f4xx_hal_tim.o(.text.HAL_TIM_PWM_PulseFinishedCallback)
    HAL_TIM_PeriodElapsedCallback            0x080034e1   Thumb Code    18  main.o(.text.HAL_TIM_PeriodElapsedCallback)
    HAL_TIM_TriggerCallback                  0x080034f5   Thumb Code     2  stm32f4xx_hal_tim.o(.text.HAL_TIM_TriggerCallback)
    HAL_UART_Init                            0x080034f9   Thumb Code    94  stm32f4xx_hal_uart.o(.text.HAL_UART_Init)
    HAL_UART_MspInit                         0x08003559   Thumb Code   108  stm32f4xx_hal_msp.o(.text.HAL_UART_MspInit)
    HAL_UART_Receive                         0x080035c5   Thumb Code   462  stm32f4xx_hal_uart.o(.text.HAL_UART_Receive)
    HAL_UART_Transmit                        0x08003795   Thumb Code   638  stm32f4xx_hal_uart.o(.text.HAL_UART_Transmit)
    HardFault_Handler                        0x08003a15   Thumb Code     2  stm32f4xx_it.o(.text.HardFault_Handler)
    MX_FATFS_Init                            0x08003a19   Thumb Code    28  fatfs.o(.text.MX_FATFS_Init)
    MemManage_Handler                        0x08003a35   Thumb Code     2  stm32f4xx_it.o(.text.MemManage_Handler)
    NMI_Handler                              0x08003a39   Thumb Code     6  stm32f4xx_it.o(.text.NMI_Handler)
    PendSV_Handler                           0x08003a41   Thumb Code     2  stm32f4xx_it.o(.text.PendSV_Handler)
    SDIO_ConfigData                          0x08003a45   Thumb Code    38  stm32f4xx_ll_sdmmc.o(.text.SDIO_ConfigData)
    SDIO_GetPowerState                       0x08003a6d   Thumb Code     8  stm32f4xx_ll_sdmmc.o(.text.SDIO_GetPowerState)
    SDIO_GetResponse                         0x08003a75   Thumb Code     6  stm32f4xx_ll_sdmmc.o(.text.SDIO_GetResponse)
    SDIO_IRQHandler                          0x08003a7d   Thumb Code    12  stm32f4xx_it.o(.text.SDIO_IRQHandler)
    SDIO_Init                                0x08003a89   Thumb Code    44  stm32f4xx_ll_sdmmc.o(.text.SDIO_Init)
    SDIO_PowerState_ON                       0x08003ab5   Thumb Code    10  stm32f4xx_ll_sdmmc.o(.text.SDIO_PowerState_ON)
    SDIO_ReadFIFO                            0x08003ac1   Thumb Code     6  stm32f4xx_ll_sdmmc.o(.text.SDIO_ReadFIFO)
    SDIO_WriteFIFO                           0x08003ac9   Thumb Code    12  stm32f4xx_ll_sdmmc.o(.text.SDIO_WriteFIFO)
    SDMMC_CmdAppCommand                      0x08003ad5   Thumb Code    24  stm32f4xx_ll_sdmmc.o(.text.SDMMC_CmdAppCommand)
    SDMMC_CmdAppOperCommand                  0x08003aed   Thumb Code   144  stm32f4xx_ll_sdmmc.o(.text.SDMMC_CmdAppOperCommand)
    SDMMC_CmdBlockLength                     0x08003b7d   Thumb Code    24  stm32f4xx_ll_sdmmc.o(.text.SDMMC_CmdBlockLength)
    SDMMC_CmdGoIdleState                     0x08003b95   Thumb Code    96  stm32f4xx_ll_sdmmc.o(.text.SDMMC_CmdGoIdleState)
    SDMMC_CmdOperCond                        0x08003bf5   Thumb Code   166  stm32f4xx_ll_sdmmc.o(.text.SDMMC_CmdOperCond)
    SDMMC_CmdReadMultiBlock                  0x08003c9d   Thumb Code    24  stm32f4xx_ll_sdmmc.o(.text.SDMMC_CmdReadMultiBlock)
    SDMMC_CmdReadSingleBlock                 0x08003cb5   Thumb Code    24  stm32f4xx_ll_sdmmc.o(.text.SDMMC_CmdReadSingleBlock)
    SDMMC_CmdSelDesel                        0x08003ccd   Thumb Code    24  stm32f4xx_ll_sdmmc.o(.text.SDMMC_CmdSelDesel)
    SDMMC_CmdSendCID                         0x08003ce5   Thumb Code   156  stm32f4xx_ll_sdmmc.o(.text.SDMMC_CmdSendCID)
    SDMMC_CmdSendCSD                         0x08003d81   Thumb Code   156  stm32f4xx_ll_sdmmc.o(.text.SDMMC_CmdSendCSD)
    SDMMC_CmdSendStatus                      0x08003e1d   Thumb Code    24  stm32f4xx_ll_sdmmc.o(.text.SDMMC_CmdSendStatus)
    SDMMC_CmdSetRelAdd                       0x08003e35   Thumb Code   204  stm32f4xx_ll_sdmmc.o(.text.SDMMC_CmdSetRelAdd)
    SDMMC_CmdStopTransfer                    0x08003f01   Thumb Code    30  stm32f4xx_ll_sdmmc.o(.text.SDMMC_CmdStopTransfer)
    SDMMC_CmdWriteMultiBlock                 0x08003f21   Thumb Code    24  stm32f4xx_ll_sdmmc.o(.text.SDMMC_CmdWriteMultiBlock)
    SDMMC_CmdWriteSingleBlock                0x08003f39   Thumb Code    24  stm32f4xx_ll_sdmmc.o(.text.SDMMC_CmdWriteSingleBlock)
    SDMMC_GetCmdResp1                        0x08003f51   Thumb Code   358  stm32f4xx_ll_sdmmc.o(.text.SDMMC_GetCmdResp1)
    SD_initialize                            0x08004191   Thumb Code    56  sd_diskio.o(.text.SD_initialize)
    SD_ioctl                                 0x080041c9   Thumb Code    98  sd_diskio.o(.text.SD_ioctl)
    SD_read                                  0x0800422d   Thumb Code    36  sd_diskio.o(.text.SD_read)
    SD_status                                0x08004251   Thumb Code    36  sd_diskio.o(.text.SD_status)
    SD_write                                 0x08004275   Thumb Code    36  sd_diskio.o(.text.SD_write)
    SVC_Handler                              0x08004299   Thumb Code     2  stm32f4xx_it.o(.text.SVC_Handler)
    SysTick_Handler                          0x0800429d   Thumb Code     2  stm32f4xx_it.o(.text.SysTick_Handler)
    SystemClock_Config                       0x080042a1   Thumb Code   184  main.o(.text.SystemClock_Config)
    SystemInit                               0x08004359   Thumb Code    18  system_stm32f4xx.o(.text.SystemInit)
    TIM1_UP_TIM10_IRQHandler                 0x0800436d   Thumb Code    12  stm32f4xx_it.o(.text.TIM1_UP_TIM10_IRQHandler)
    TIM_Base_SetConfig                       0x08004379   Thumb Code   316  stm32f4xx_hal_tim.o(.text.TIM_Base_SetConfig)
    UsageFault_Handler                       0x08004599   Thumb Code     2  stm32f4xx_it.o(.text.UsageFault_Handler)
    disk_initialize                          0x0800582d   Thumb Code    36  diskio.o(.text.disk_initialize)
    disk_ioctl                               0x08005851   Thumb Code    22  diskio.o(.text.disk_ioctl)
    disk_read                                0x08005869   Thumb Code    32  diskio.o(.text.disk_read)
    disk_status                              0x08005889   Thumb Code    22  diskio.o(.text.disk_status)
    disk_write                               0x080058a1   Thumb Code    32  diskio.o(.text.disk_write)
    f_close                                  0x080058c1   Thumb Code   104  ff.o(.text.f_close)
    f_mount                                  0x08005929   Thumb Code   272  ff.o(.text.f_mount)
    f_open                                   0x08005a39   Thumb Code  1116  ff.o(.text.f_open)
    f_sync                                   0x08005e95   Thumb Code   182  ff.o(.text.f_sync)
    f_write                                  0x08005f4d   Thumb Code   778  ff.o(.text.f_write)
    ff_convert                               0x08006259   Thumb Code   306  ccsbcs.o(.text.ff_convert)
    ff_wtoupper                              0x0800638d   Thumb Code   208  ccsbcs.o(.text.ff_wtoupper)
    fgetc                                    0x0800645d   Thumb Code    42  main.o(.text.fgetc)
    fputc                                    0x08007079   Thumb Code    34  main.o(.text.fputc)
    get_fattime                              0x0800716d   Thumb Code     4  fatfs.o(.text.get_fattime)
    main                                     0x08007171   Thumb Code  2220  main.o(.text.main)
    __0printf                                0x08007d89   Thumb Code    22  printfa.o(i.__0printf)
    __1printf                                0x08007d89   Thumb Code     0  printfa.o(i.__0printf)
    __2printf                                0x08007d89   Thumb Code     0  printfa.o(i.__0printf)
    __c89printf                              0x08007d89   Thumb Code     0  printfa.o(i.__0printf)
    printf                                   0x08007d89   Thumb Code     0  printfa.o(i.__0printf)
    __0sprintf                               0x08007da9   Thumb Code    34  printfa.o(i.__0sprintf)
    __1sprintf                               0x08007da9   Thumb Code     0  printfa.o(i.__0sprintf)
    __2sprintf                               0x08007da9   Thumb Code     0  printfa.o(i.__0sprintf)
    __c89sprintf                             0x08007da9   Thumb Code     0  printfa.o(i.__0sprintf)
    sprintf                                  0x08007da9   Thumb Code     0  printfa.o(i.__0sprintf)
    __scatterload_copy                       0x08007dd1   Thumb Code    14  handlers.o(i.__scatterload_copy)
    __scatterload_null                       0x08007ddf   Thumb Code     2  handlers.o(i.__scatterload_null)
    __scatterload_zeroinit                   0x08007de1   Thumb Code    14  handlers.o(i.__scatterload_zeroinit)
    puts                                     0x080086ad   Thumb Code    30  puts.o(i.puts)
    __ctype_categories                       0x080086d0   Data          64  ctype_c.o(.constdata)
    AHBPrescTable                            0x08008710   Data          16  system_stm32f4xx.o(.rodata.AHBPrescTable)
    APBPrescTable                            0x08008720   Data           8  system_stm32f4xx.o(.rodata.APBPrescTable)
    SD_Driver                                0x080087a8   Data          20  sd_diskio.o(.rodata.SD_Driver)
    Region$$Table$$Base                      0x08008c78   Number         0  anon$$obj.o(Region$$Table)
    Region$$Table$$Limit                     0x08008c98   Number         0  anon$$obj.o(Region$$Table)
    __stdin                                  0x20000000   Data           4  stdin.o(.data)
    __stdout                                 0x20000004   Data           4  stdout.o(.data)
    uwTickFreq                               0x2000000c   Data           1  stm32f4xx_hal.o(.data..L_MergedGlobals)
    uwTickPrio                               0x20000010   Data           4  stm32f4xx_hal.o(.data..L_MergedGlobals)
    SystemCoreClock                          0x20000018   Data           4  system_stm32f4xx.o(.data.SystemCoreClock)
    AdcConvEnd                               0x20000020   Data           1  main.o(.bss..L_MergedGlobals)
    fs                                       0x20000022   Data           2  main.o(.bss..L_MergedGlobals)
    ctp                                      0x20000024   Data           2  main.o(.bss..L_MergedGlobals)
    points                                   0x20000028   Data           4  main.o(.bss..L_MergedGlobals)
    zfc                                      0x2000002c   Data          13  main.o(.bss..L_MergedGlobals)
    huart1                                   0x2000003c   Data          68  main.o(.bss..L_MergedGlobals)
    retSD                                    0x20000080   Data           1  fatfs.o(.bss..L_MergedGlobals)
    SDPath                                   0x20000081   Data           4  fatfs.o(.bss..L_MergedGlobals)
    SDFatFS                                  0x200000b0   Data         564  fatfs.o(.bss.SDFatFS)
    disk                                     0x200002e4   Data          12  ff_gen_drv.o(.bss.disk)
    hadc1                                    0x200002f0   Data          72  main.o(.bss.hadc1)
    hadc2                                    0x20000338   Data          72  main.o(.bss.hadc2)
    hdma_adc1                                0x20000380   Data          96  main.o(.bss.hdma_adc1)
    hdma_adc2                                0x200003e0   Data          96  main.o(.bss.hdma_adc2)
    hsd                                      0x20000440   Data         132  main.o(.bss.hsd)
    htim1                                    0x200004c4   Data          72  stm32f4xx_hal_timebase_tim.o(.bss.htim1)
    htim3                                    0x2000050c   Data          72  main.o(.bss.htim3)
    uwTick                                   0x20000554   Data           4  stm32f4xx_hal.o(.bss.uwTick)
    __initial_sp                             0x20010558   Data           0  startup_stm32f407xx.o(STACK)



==============================================================================

Memory Map of the image

  Image Entry point : 0x08000189

  Load Region LR_IROM1 (Base: 0x08000000, Size: 0x00008cb8, Max: 0x00100000, ABSOLUTE)

    Execution Region ER_IROM1 (Exec base: 0x08000000, Load base: 0x08000000, Size: 0x00008c98, Max: 0x00100000, ABSOLUTE)

    Exec Addr    Load Addr    Size         Type   Attr      Idx    E Section Name        Object

    0x08000000   0x08000000   0x00000188   Data   RO            3    RESET               startup_stm32f407xx.o
    0x08000188   0x08000188   0x00000000   Code   RO         1435  * .ARM.Collect$$$$00000000  mc_w.l(entry.o)
    0x08000188   0x08000188   0x00000004   Code   RO         1721    .ARM.Collect$$$$00000001  mc_w.l(entry2.o)
    0x0800018c   0x0800018c   0x00000004   Code   RO         1724    .ARM.Collect$$$$00000004  mc_w.l(entry5.o)
    0x08000190   0x08000190   0x00000000   Code   RO         1726    .ARM.Collect$$$$00000008  mc_w.l(entry7b.o)
    0x08000190   0x08000190   0x00000000   Code   RO         1728    .ARM.Collect$$$$0000000A  mc_w.l(entry8b.o)
    0x08000190   0x08000190   0x00000008   Code   RO         1729    .ARM.Collect$$$$0000000B  mc_w.l(entry9a.o)
    0x08000198   0x08000198   0x00000000   Code   RO         1731    .ARM.Collect$$$$0000000D  mc_w.l(entry10a.o)
    0x08000198   0x08000198   0x00000000   Code   RO         1733    .ARM.Collect$$$$0000000F  mc_w.l(entry11a.o)
    0x08000198   0x08000198   0x00000004   Code   RO         1722    .ARM.Collect$$$$00002712  mc_w.l(entry2.o)
    0x0800019c   0x0800019c   0x00000024   Code   RO            4    .text               startup_stm32f407xx.o
    0x080001c0   0x080001c0   0x00000062   Code   RO         1442    .text               mc_w.l(uldiv.o)
    0x08000222   0x08000222   0x00000024   Code   RO         1446    .text               mc_w.l(memseta.o)
    0x08000246   0x08000246   0x00000002   PAD
    0x08000248   0x08000248   0x00000020   Code   RO         1711    .text               mc_w.l(__0scanf.o)
    0x08000268   0x08000268   0x0000014c   Code   RO         1713    .text               mc_w.l(_scanf_int.o)
    0x080003b4   0x080003b4   0x000000e4   Code   RO         1715    .text               mf_w.l(dmul.o)
    0x08000498   0x08000498   0x000000de   Code   RO         1717    .text               mf_w.l(ddiv.o)
    0x08000576   0x08000576   0x0000001a   Code   RO         1719    .text               mf_w.l(dfltui.o)
    0x08000590   0x08000590   0x0000002c   Code   RO         1746    .text               mc_w.l(uidiv.o)
    0x080005bc   0x080005bc   0x0000001e   Code   RO         1748    .text               mc_w.l(llshl.o)
    0x080005da   0x080005da   0x00000020   Code   RO         1750    .text               mc_w.l(llushr.o)
    0x080005fa   0x080005fa   0x0000001c   Code   RO         1752    .text               mc_w.l(_chval.o)
    0x08000616   0x08000616   0x00000002   PAD
    0x08000618   0x08000618   0x00000014   Code   RO         1754    .text               mc_w.l(scanf_char_file.o)
    0x0800062c   0x0800062c   0x00000000   Code   RO         1756    .text               mc_w.l(iusefp.o)
    0x0800062c   0x0800062c   0x000000ba   Code   RO         1757    .text               mf_w.l(depilogue.o)
    0x080006e6   0x080006e6   0x0000014e   Code   RO         1759    .text               mf_w.l(dadd.o)
    0x08000834   0x08000834   0x00000030   Code   RO         1761    .text               mf_w.l(dfixul.o)
    0x08000864   0x08000864   0x00000030   Code   RO         1763    .text               mf_w.l(cdrcmple.o)
    0x08000894   0x08000894   0x00000024   Code   RO         1765    .text               mc_w.l(init.o)
    0x080008b8   0x080008b8   0x0000002c   Code   RO         1767    .text               mc_w.l(fgetc_b.o)
    0x080008e4   0x080008e4   0x00000024   Code   RO         1770    .text               mc_w.l(llsshr.o)
    0x08000908   0x08000908   0x00000028   Code   RO         1772    .text               mc_w.l(scanf_char.o)
    0x08000930   0x08000930   0x00000000   Code   RO         1774    .text               mc_w.l(semi.o)
    0x08000930   0x08000930   0x0000000a   Code   RO         1775    .text               mc_w.l(isspace_c.o)
    0x0800093a   0x0800093a   0x00000002   PAD
    0x0800093c   0x0800093c   0x0000032c   Code   RO         1777    .text               mc_w.l(_scanf.o)
    0x08000c68   0x08000c68   0x00000000   Code   RO         1779    .text               mc_w.l(iusesemig.o)
    0x08000c68   0x08000c68   0x00000028   Code   RO         1780    .text               mc_w.l(ctype_c.o)
    0x08000c90   0x08000c90   0x0000006e   Code   RO          146    .text.ADC_DMAConvCplt  stm32f4xx_hal_adc.o
    0x08000cfe   0x08000cfe   0x00000002   PAD
    0x08000d00   0x08000d00   0x00000012   Code   RO          150    .text.ADC_DMAError  stm32f4xx_hal_adc.o
    0x08000d12   0x08000d12   0x00000002   PAD
    0x08000d14   0x08000d14   0x00000006   Code   RO          148    .text.ADC_DMAHalfConvCplt  stm32f4xx_hal_adc.o
    0x08000d1a   0x08000d1a   0x00000002   PAD
    0x08000d1c   0x08000d1c   0x0000001e   Code   RO           58    .text.ADC_IRQHandler  stm32f4xx_it.o
    0x08000d3a   0x08000d3a   0x00000002   PAD
    0x08000d3c   0x08000d3c   0x00000002   Code   RO         1242    .text.BSP_SD_AbortCallback  bsp_driver_sd.o
    0x08000d3e   0x08000d3e   0x00000002   PAD
    0x08000d40   0x08000d40   0x0000000e   Code   RO         1238    .text.BSP_SD_GetCardInfo  bsp_driver_sd.o
    0x08000d4e   0x08000d4e   0x00000002   PAD
    0x08000d50   0x08000d50   0x00000016   Code   RO         1236    .text.BSP_SD_GetCardState  bsp_driver_sd.o
    0x08000d66   0x08000d66   0x00000002   PAD
    0x08000d68   0x08000d68   0x0000001e   Code   RO         1218    .text.BSP_SD_Init   bsp_driver_sd.o
    0x08000d86   0x08000d86   0x00000002   PAD
    0x08000d88   0x08000d88   0x00000010   Code   RO         1220    .text.BSP_SD_IsDetected  bsp_driver_sd.o
    0x08000d98   0x08000d98   0x00000026   Code   RO         1226    .text.BSP_SD_ReadBlocks  bsp_driver_sd.o
    0x08000dbe   0x08000dbe   0x00000002   PAD
    0x08000dc0   0x08000dc0   0x00000002   Code   RO         1250    .text.BSP_SD_ReadCpltCallback  bsp_driver_sd.o
    0x08000dc2   0x08000dc2   0x00000002   PAD
    0x08000dc4   0x08000dc4   0x00000026   Code   RO         1228    .text.BSP_SD_WriteBlocks  bsp_driver_sd.o
    0x08000dea   0x08000dea   0x00000002   PAD
    0x08000dec   0x08000dec   0x00000002   Code   RO         1246    .text.BSP_SD_WriteCpltCallback  bsp_driver_sd.o
    0x08000dee   0x08000dee   0x00000002   PAD
    0x08000df0   0x08000df0   0x00000002   Code   RO           46    .text.BusFault_Handler  stm32f4xx_it.o
    0x08000df2   0x08000df2   0x00000002   PAD
    0x08000df4   0x08000df4   0x00000024   Code   RO           64    .text.DMA2_Stream0_IRQHandler  stm32f4xx_it.o
    0x08000e18   0x08000e18   0x0000000c   Code   RO           66    .text.DMA2_Stream2_IRQHandler  stm32f4xx_it.o
    0x08000e24   0x08000e24   0x00000002   Code   RO           52    .text.DebugMon_Handler  stm32f4xx_it.o
    0x08000e26   0x08000e26   0x00000002   PAD
    0x08000e28   0x08000e28   0x0000000a   Code   RO           19    .text.Error_Handler  main.o
    0x08000e32   0x08000e32   0x00000002   PAD
    0x08000e34   0x08000e34   0x0000004c   Code   RO         1404    .text.FATFS_LinkDriver  ff_gen_drv.o
    0x08000e80   0x08000e80   0x00000002   Code   RO          198    .text.HAL_ADCEx_InjectedConvCpltCallback  stm32f4xx_hal_adc_ex.o
    0x08000e82   0x08000e82   0x00000002   PAD
    0x08000e84   0x08000e84   0x00000140   Code   RO          158    .text.HAL_ADC_ConfigChannel  stm32f4xx_hal_adc.o
    0x08000fc4   0x08000fc4   0x00000002   Code   RO          138    .text.HAL_ADC_ConvCpltCallback  stm32f4xx_hal_adc.o
    0x08000fc6   0x08000fc6   0x00000002   PAD
    0x08000fc8   0x08000fc8   0x00000002   Code   RO          156    .text.HAL_ADC_ConvHalfCpltCallback  stm32f4xx_hal_adc.o
    0x08000fca   0x08000fca   0x00000002   PAD
    0x08000fcc   0x08000fcc   0x00000002   Code   RO          142    .text.HAL_ADC_ErrorCallback  stm32f4xx_hal_adc.o
    0x08000fce   0x08000fce   0x00000002   PAD
    0x08000fd0   0x08000fd0   0x00000136   Code   RO          136    .text.HAL_ADC_IRQHandler  stm32f4xx_hal_adc.o
    0x08001106   0x08001106   0x00000002   PAD
    0x08001108   0x08001108   0x0000015e   Code   RO          116    .text.HAL_ADC_Init  stm32f4xx_hal_adc.o
    0x08001266   0x08001266   0x00000002   PAD
    0x08001268   0x08001268   0x00000002   Code   RO          140    .text.HAL_ADC_LevelOutOfWindowCallback  stm32f4xx_hal_adc.o
    0x0800126a   0x0800126a   0x00000002   PAD
    0x0800126c   0x0800126c   0x00000144   Code   RO           77    .text.HAL_ADC_MspInit  stm32f4xx_hal_msp.o
    0x080013b0   0x080013b0   0x000001a0   Code   RO          144    .text.HAL_ADC_Start_DMA  stm32f4xx_hal_adc.o
    0x08001550   0x08001550   0x00000024   Code   RO          371    .text.HAL_DMA_Abort_IT  stm32f4xx_hal_dma.o
    0x08001574   0x08001574   0x000001c0   Code   RO          375    .text.HAL_DMA_IRQHandler  stm32f4xx_hal_dma.o
    0x08001734   0x08001734   0x00000162   Code   RO          361    .text.HAL_DMA_Init  stm32f4xx_hal_dma.o
    0x08001896   0x08001896   0x00000002   PAD
    0x08001898   0x08001898   0x0000009e   Code   RO          367    .text.HAL_DMA_Start_IT  stm32f4xx_hal_dma.o
    0x08001936   0x08001936   0x00000002   PAD
    0x08001938   0x08001938   0x00000028   Code   RO          522    .text.HAL_Delay     stm32f4xx_hal.o
    0x08001960   0x08001960   0x000001ba   Code   RO          323    .text.HAL_GPIO_Init  stm32f4xx_hal_gpio.o
    0x08001b1a   0x08001b1a   0x00000002   PAD
    0x08001b1c   0x08001b1c   0x0000000c   Code   RO          514    .text.HAL_GetTick   stm32f4xx_hal.o
    0x08001b28   0x08001b28   0x0000001a   Code   RO          512    .text.HAL_IncTick   stm32f4xx_hal.o
    0x08001b42   0x08001b42   0x00000002   PAD
    0x08001b44   0x08001b44   0x00000036   Code   RO          502    .text.HAL_Init      stm32f4xx_hal.o
    0x08001b7a   0x08001b7a   0x00000002   PAD
    0x08001b7c   0x08001b7c   0x000000b4   Code   RO          101    .text.HAL_InitTick  stm32f4xx_hal_timebase_tim.o
    0x08001c30   0x08001c30   0x00000038   Code   RO           75    .text.HAL_MspInit   stm32f4xx_hal_msp.o
    0x08001c68   0x08001c68   0x00000020   Code   RO          460    .text.HAL_NVIC_EnableIRQ  stm32f4xx_hal_cortex.o
    0x08001c88   0x08001c88   0x00000056   Code   RO          458    .text.HAL_NVIC_SetPriority  stm32f4xx_hal_cortex.o
    0x08001cde   0x08001cde   0x00000002   PAD
    0x08001ce0   0x08001ce0   0x00000020   Code   RO          456    .text.HAL_NVIC_SetPriorityGrouping  stm32f4xx_hal_cortex.o
    0x08001d00   0x08001d00   0x00000004   Code   RO          464    .text.HAL_NVIC_SystemReset  stm32f4xx_hal_cortex.o
    0x08001d04   0x08001d04   0x00000002   Code   RO          239    .text.HAL_RCC_CSSCallback  stm32f4xx_hal_rcc.o
    0x08001d06   0x08001d06   0x00000002   PAD
    0x08001d08   0x08001d08   0x00000160   Code   RO          217    .text.HAL_RCC_ClockConfig  stm32f4xx_hal_rcc.o
    0x08001e68   0x08001e68   0x0000000c   Code   RO          223    .text.HAL_RCC_EnableCSS  stm32f4xx_hal_rcc.o
    0x08001e74   0x08001e74   0x0000003e   Code   RO          235    .text.HAL_RCC_GetClockConfig  stm32f4xx_hal_rcc.o
    0x08001eb2   0x08001eb2   0x00000002   PAD
    0x08001eb4   0x08001eb4   0x00000026   Code   RO          229    .text.HAL_RCC_GetPCLK1Freq  stm32f4xx_hal_rcc.o
    0x08001eda   0x08001eda   0x00000002   PAD
    0x08001edc   0x08001edc   0x00000026   Code   RO          231    .text.HAL_RCC_GetPCLK2Freq  stm32f4xx_hal_rcc.o
    0x08001f02   0x08001f02   0x00000002   PAD
    0x08001f04   0x08001f04   0x0000006c   Code   RO          219    .text.HAL_RCC_GetSysClockFreq  stm32f4xx_hal_rcc.o
    0x08001f70   0x08001f70   0x0000001c   Code   RO          237    .text.HAL_RCC_NMI_IRQHandler  stm32f4xx_hal_rcc.o
    0x08001f8c   0x08001f8c   0x00000378   Code   RO          215    .text.HAL_RCC_OscConfig  stm32f4xx_hal_rcc.o
    0x08002304   0x08002304   0x00000004   Code   RO         1240    .text.HAL_SD_AbortCallback  bsp_driver_sd.o
    0x08002308   0x08002308   0x00000002   Code   RO          722    .text.HAL_SD_ErrorCallback  stm32f4xx_hal_sd.o
    0x0800230a   0x0800230a   0x00000002   PAD
    0x0800230c   0x0800230c   0x00000186   Code   RO          740    .text.HAL_SD_GetCardCSD  stm32f4xx_hal_sd.o
    0x08002492   0x08002492   0x00000002   PAD
    0x08002494   0x08002494   0x00000024   Code   RO          744    .text.HAL_SD_GetCardInfo  stm32f4xx_hal_sd.o
    0x080024b8   0x080024b8   0x0000002a   Code   RO          748    .text.HAL_SD_GetCardState  stm32f4xx_hal_sd.o
    0x080024e2   0x080024e2   0x00000002   PAD
    0x080024e4   0x080024e4   0x000002a0   Code   RO          720    .text.HAL_SD_IRQHandler  stm32f4xx_hal_sd.o
    0x08002784   0x08002784   0x00000040   Code   RO          690    .text.HAL_SD_Init   stm32f4xx_hal_sd.o
    0x080027c4   0x080027c4   0x0000022c   Code   RO          694    .text.HAL_SD_InitCard  stm32f4xx_hal_sd.o
    0x080029f0   0x080029f0   0x000000b4   Code   RO           81    .text.HAL_SD_MspInit  stm32f4xx_hal_msp.o
    0x08002aa4   0x08002aa4   0x00000244   Code   RO          700    .text.HAL_SD_ReadBlocks  stm32f4xx_hal_sd.o
    0x08002ce8   0x08002ce8   0x00000004   Code   RO         1248    .text.HAL_SD_RxCpltCallback  bsp_driver_sd.o
    0x08002cec   0x08002cec   0x00000004   Code   RO         1244    .text.HAL_SD_TxCpltCallback  bsp_driver_sd.o
    0x08002cf0   0x08002cf0   0x00000232   Code   RO          702    .text.HAL_SD_WriteBlocks  stm32f4xx_hal_sd.o
    0x08002f22   0x08002f22   0x00000002   PAD
    0x08002f24   0x08002f24   0x00000002   Code   RO         1069    .text.HAL_TIMEx_BreakCallback  stm32f4xx_hal_tim_ex.o
    0x08002f26   0x08002f26   0x00000002   PAD
    0x08002f28   0x08002f28   0x00000002   Code   RO         1065    .text.HAL_TIMEx_CommutCallback  stm32f4xx_hal_tim_ex.o
    0x08002f2a   0x08002f2a   0x00000002   PAD
    0x08002f2c   0x08002f2c   0x000000b6   Code   RO         1059    .text.HAL_TIMEx_MasterConfigSynchronization  stm32f4xx_hal_tim_ex.o
    0x08002fe2   0x08002fe2   0x00000002   PAD
    0x08002fe4   0x08002fe4   0x0000005a   Code   RO          764    .text.HAL_TIM_Base_Init  stm32f4xx_hal_tim.o
    0x0800303e   0x0800303e   0x00000002   PAD
    0x08003040   0x08003040   0x00000036   Code   RO           85    .text.HAL_TIM_Base_MspInit  stm32f4xx_hal_msp.o
    0x08003076   0x08003076   0x00000002   PAD
    0x08003078   0x08003078   0x000000a2   Code   RO          774    .text.HAL_TIM_Base_Start  stm32f4xx_hal_tim.o
    0x0800311a   0x0800311a   0x00000002   PAD
    0x0800311c   0x0800311c   0x000000aa   Code   RO          778    .text.HAL_TIM_Base_Start_IT  stm32f4xx_hal_tim.o
    0x080031c6   0x080031c6   0x00000002   PAD
    0x080031c8   0x080031c8   0x0000019c   Code   RO          944    .text.HAL_TIM_ConfigClockSource  stm32f4xx_hal_tim.o
    0x08003364   0x08003364   0x00000002   Code   RO          900    .text.HAL_TIM_IC_CaptureCallback  stm32f4xx_hal_tim.o
    0x08003366   0x08003366   0x00000002   PAD
    0x08003368   0x08003368   0x00000170   Code   RO          898    .text.HAL_TIM_IRQHandler  stm32f4xx_hal_tim.o
    0x080034d8   0x080034d8   0x00000002   Code   RO          902    .text.HAL_TIM_OC_DelayElapsedCallback  stm32f4xx_hal_tim.o
    0x080034da   0x080034da   0x00000002   PAD
    0x080034dc   0x080034dc   0x00000002   Code   RO          904    .text.HAL_TIM_PWM_PulseFinishedCallback  stm32f4xx_hal_tim.o
    0x080034de   0x080034de   0x00000002   PAD
    0x080034e0   0x080034e0   0x00000012   Code   RO           21    .text.HAL_TIM_PeriodElapsedCallback  main.o
    0x080034f2   0x080034f2   0x00000002   PAD
    0x080034f4   0x080034f4   0x00000002   Code   RO          908    .text.HAL_TIM_TriggerCallback  stm32f4xx_hal_tim.o
    0x080034f6   0x080034f6   0x00000002   PAD
    0x080034f8   0x080034f8   0x0000005e   Code   RO         1083    .text.HAL_UART_Init  stm32f4xx_hal_uart.o
    0x08003556   0x08003556   0x00000002   PAD
    0x08003558   0x08003558   0x0000006c   Code   RO           89    .text.HAL_UART_MspInit  stm32f4xx_hal_msp.o
    0x080035c4   0x080035c4   0x000001ce   Code   RO         1101    .text.HAL_UART_Receive  stm32f4xx_hal_uart.o
    0x08003792   0x08003792   0x00000002   PAD
    0x08003794   0x08003794   0x0000027e   Code   RO         1099    .text.HAL_UART_Transmit  stm32f4xx_hal_uart.o
    0x08003a12   0x08003a12   0x00000002   PAD
    0x08003a14   0x08003a14   0x00000002   Code   RO           42    .text.HardFault_Handler  stm32f4xx_it.o
    0x08003a16   0x08003a16   0x00000002   PAD
    0x08003a18   0x08003a18   0x0000001c   Code   RO         1280    .text.MX_FATFS_Init  fatfs.o
    0x08003a34   0x08003a34   0x00000002   Code   RO           44    .text.MemManage_Handler  stm32f4xx_it.o
    0x08003a36   0x08003a36   0x00000002   PAD
    0x08003a38   0x08003a38   0x00000006   Code   RO           40    .text.NMI_Handler   stm32f4xx_it.o
    0x08003a3e   0x08003a3e   0x00000002   PAD
    0x08003a40   0x08003a40   0x00000002   Code   RO           54    .text.PendSV_Handler  stm32f4xx_it.o
    0x08003a42   0x08003a42   0x00000002   PAD
    0x08003a44   0x08003a44   0x00000026   Code   RO          610    .text.SDIO_ConfigData  stm32f4xx_ll_sdmmc.o
    0x08003a6a   0x08003a6a   0x00000002   PAD
    0x08003a6c   0x08003a6c   0x00000008   Code   RO          602    .text.SDIO_GetPowerState  stm32f4xx_ll_sdmmc.o
    0x08003a74   0x08003a74   0x00000006   Code   RO          608    .text.SDIO_GetResponse  stm32f4xx_ll_sdmmc.o
    0x08003a7a   0x08003a7a   0x00000002   PAD
    0x08003a7c   0x08003a7c   0x0000000c   Code   RO           62    .text.SDIO_IRQHandler  stm32f4xx_it.o
    0x08003a88   0x08003a88   0x0000002c   Code   RO          592    .text.SDIO_Init     stm32f4xx_ll_sdmmc.o
    0x08003ab4   0x08003ab4   0x0000000a   Code   RO          598    .text.SDIO_PowerState_ON  stm32f4xx_ll_sdmmc.o
    0x08003abe   0x08003abe   0x00000002   PAD
    0x08003ac0   0x08003ac0   0x00000006   Code   RO          594    .text.SDIO_ReadFIFO  stm32f4xx_ll_sdmmc.o
    0x08003ac6   0x08003ac6   0x00000002   PAD
    0x08003ac8   0x08003ac8   0x0000000c   Code   RO          596    .text.SDIO_WriteFIFO  stm32f4xx_ll_sdmmc.o
    0x08003ad4   0x08003ad4   0x00000018   Code   RO          650    .text.SDMMC_CmdAppCommand  stm32f4xx_ll_sdmmc.o
    0x08003aec   0x08003aec   0x00000090   Code   RO          652    .text.SDMMC_CmdAppOperCommand  stm32f4xx_ll_sdmmc.o
    0x08003b7c   0x08003b7c   0x00000018   Code   RO          618    .text.SDMMC_CmdBlockLength  stm32f4xx_ll_sdmmc.o
    0x08003b94   0x08003b94   0x00000060   Code   RO          644    .text.SDMMC_CmdGoIdleState  stm32f4xx_ll_sdmmc.o
    0x08003bf4   0x08003bf4   0x000000a6   Code   RO          646    .text.SDMMC_CmdOperCond  stm32f4xx_ll_sdmmc.o
    0x08003c9a   0x08003c9a   0x00000002   PAD
    0x08003c9c   0x08003c9c   0x00000018   Code   RO          624    .text.SDMMC_CmdReadMultiBlock  stm32f4xx_ll_sdmmc.o
    0x08003cb4   0x08003cb4   0x00000018   Code   RO          622    .text.SDMMC_CmdReadSingleBlock  stm32f4xx_ll_sdmmc.o
    0x08003ccc   0x08003ccc   0x00000018   Code   RO          642    .text.SDMMC_CmdSelDesel  stm32f4xx_ll_sdmmc.o
    0x08003ce4   0x08003ce4   0x0000009c   Code   RO          660    .text.SDMMC_CmdSendCID  stm32f4xx_ll_sdmmc.o
    0x08003d80   0x08003d80   0x0000009c   Code   RO          664    .text.SDMMC_CmdSendCSD  stm32f4xx_ll_sdmmc.o
    0x08003e1c   0x08003e1c   0x00000018   Code   RO          672    .text.SDMMC_CmdSendStatus  stm32f4xx_ll_sdmmc.o
    0x08003e34   0x08003e34   0x000000cc   Code   RO          666    .text.SDMMC_CmdSetRelAdd  stm32f4xx_ll_sdmmc.o
    0x08003f00   0x08003f00   0x0000001e   Code   RO          640    .text.SDMMC_CmdStopTransfer  stm32f4xx_ll_sdmmc.o
    0x08003f1e   0x08003f1e   0x00000002   PAD
    0x08003f20   0x08003f20   0x00000018   Code   RO          628    .text.SDMMC_CmdWriteMultiBlock  stm32f4xx_ll_sdmmc.o
    0x08003f38   0x08003f38   0x00000018   Code   RO          626    .text.SDMMC_CmdWriteSingleBlock  stm32f4xx_ll_sdmmc.o
    0x08003f50   0x08003f50   0x00000166   Code   RO          620    .text.SDMMC_GetCmdResp1  stm32f4xx_ll_sdmmc.o
    0x080040b6   0x080040b6   0x00000002   PAD
    0x080040b8   0x080040b8   0x0000006a   Code   RO          730    .text.SD_DMARxAbort  stm32f4xx_hal_sd.o
    0x08004122   0x08004122   0x00000002   PAD
    0x08004124   0x08004124   0x0000006a   Code   RO          728    .text.SD_DMATxAbort  stm32f4xx_hal_sd.o
    0x0800418e   0x0800418e   0x00000002   PAD
    0x08004190   0x08004190   0x00000038   Code   RO         1260    .text.SD_initialize  sd_diskio.o
    0x080041c8   0x080041c8   0x00000062   Code   RO         1268    .text.SD_ioctl      sd_diskio.o
    0x0800422a   0x0800422a   0x00000002   PAD
    0x0800422c   0x0800422c   0x00000024   Code   RO         1264    .text.SD_read       sd_diskio.o
    0x08004250   0x08004250   0x00000024   Code   RO         1262    .text.SD_status     sd_diskio.o
    0x08004274   0x08004274   0x00000024   Code   RO         1266    .text.SD_write      sd_diskio.o
    0x08004298   0x08004298   0x00000002   Code   RO           50    .text.SVC_Handler   stm32f4xx_it.o
    0x0800429a   0x0800429a   0x00000002   PAD
    0x0800429c   0x0800429c   0x00000002   Code   RO           56    .text.SysTick_Handler  stm32f4xx_it.o
    0x0800429e   0x0800429e   0x00000002   PAD
    0x080042a0   0x080042a0   0x000000b8   Code   RO           17    .text.SystemClock_Config  main.o
    0x08004358   0x08004358   0x00000012   Code   RO         1203    .text.SystemInit    system_stm32f4xx.o
    0x0800436a   0x0800436a   0x00000002   PAD
    0x0800436c   0x0800436c   0x0000000c   Code   RO           60    .text.TIM1_UP_TIM10_IRQHandler  stm32f4xx_it.o
    0x08004378   0x08004378   0x0000013c   Code   RO          768    .text.TIM_Base_SetConfig  stm32f4xx_hal_tim.o
    0x080044b4   0x080044b4   0x000000e2   Code   RO         1087    .text.UART_SetConfig  stm32f4xx_hal_uart.o
    0x08004596   0x08004596   0x00000002   PAD
    0x08004598   0x08004598   0x00000002   Code   RO           48    .text.UsageFault_Handler  stm32f4xx_it.o
    0x0800459a   0x0800459a   0x00000002   PAD
    0x0800459c   0x0800459c   0x0000002a   Code   RO          466    .text.__NVIC_SystemReset  stm32f4xx_hal_cortex.o
    0x080045c6   0x080045c6   0x00000002   PAD
    0x080045c8   0x080045c8   0x0000011a   Code   RO         1336    .text.create_chain  ff.o
    0x080046e2   0x080046e2   0x00000002   PAD
    0x080046e4   0x080046e4   0x00000688   Code   RO         1386    .text.dir_find      ff.o
    0x08004d6c   0x08004d6c   0x00000174   Code   RO         1358    .text.dir_next      ff.o
    0x08004ee0   0x08004ee0   0x00000894   Code   RO         1322    .text.dir_register  ff.o
    0x08005774   0x08005774   0x000000b6   Code   RO         1348    .text.dir_sdi       ff.o
    0x0800582a   0x0800582a   0x00000002   PAD
    0x0800582c   0x0800582c   0x00000024   Code   RO         1296    .text.disk_initialize  diskio.o
    0x08005850   0x08005850   0x00000016   Code   RO         1302    .text.disk_ioctl    diskio.o
    0x08005866   0x08005866   0x00000002   PAD
    0x08005868   0x08005868   0x00000020   Code   RO         1298    .text.disk_read     diskio.o
    0x08005888   0x08005888   0x00000016   Code   RO         1294    .text.disk_status   diskio.o
    0x0800589e   0x0800589e   0x00000002   PAD
    0x080058a0   0x080058a0   0x00000020   Code   RO         1300    .text.disk_write    diskio.o
    0x080058c0   0x080058c0   0x00000068   Code   RO         1342    .text.f_close       ff.o
    0x08005928   0x08005928   0x00000110   Code   RO         1314    .text.f_mount       ff.o
    0x08005a38   0x08005a38   0x0000045c   Code   RO         1318    .text.f_open        ff.o
    0x08005e94   0x08005e94   0x000000b6   Code   RO         1338    .text.f_sync        ff.o
    0x08005f4a   0x08005f4a   0x00000002   PAD
    0x08005f4c   0x08005f4c   0x0000030a   Code   RO         1334    .text.f_write       ff.o
    0x08006256   0x08006256   0x00000002   PAD
    0x08006258   0x08006258   0x00000132   Code   RO         1422    .text.ff_convert    ccsbcs.o
    0x0800638a   0x0800638a   0x00000002   PAD
    0x0800638c   0x0800638c   0x000000d0   Code   RO         1424    .text.ff_wtoupper   ccsbcs.o
    0x0800645c   0x0800645c   0x0000002a   Code   RO           13    .text.fgetc         main.o
    0x08006486   0x08006486   0x00000002   PAD
    0x08006488   0x08006488   0x00000516   Code   RO         1316    .text.find_volume   ff.o
    0x0800699e   0x0800699e   0x00000002   PAD
    0x080069a0   0x080069a0   0x000006d8   Code   RO         1320    .text.follow_path   ff.o
    0x08007078   0x08007078   0x00000022   Code   RO           11    .text.fputc         main.o
    0x0800709a   0x0800709a   0x00000002   PAD
    0x0800709c   0x0800709c   0x000000d0   Code   RO         1330    .text.get_fat       ff.o
    0x0800716c   0x0800716c   0x00000004   Code   RO         1282    .text.get_fattime   fatfs.o
    0x08007170   0x08007170   0x00000928   Code   RO           15    .text.main          main.o
    0x08007a98   0x08007a98   0x00000094   Code   RO         1326    .text.move_window   ff.o
    0x08007b2c   0x08007b2c   0x0000010c   Code   RO         1390    .text.put_fat       ff.o
    0x08007c38   0x08007c38   0x000000e0   Code   RO         1340    .text.sync_fs       ff.o
    0x08007d18   0x08007d18   0x0000006e   Code   RO         1372    .text.sync_window   ff.o
    0x08007d86   0x08007d86   0x00000002   PAD
    0x08007d88   0x08007d88   0x00000020   Code   RO         1683    i.__0printf         mc_w.l(printfa.o)
    0x08007da8   0x08007da8   0x00000028   Code   RO         1685    i.__0sprintf        mc_w.l(printfa.o)
    0x08007dd0   0x08007dd0   0x0000000e   Code   RO         1785    i.__scatterload_copy  mc_w.l(handlers.o)
    0x08007dde   0x08007dde   0x00000002   Code   RO         1786    i.__scatterload_null  mc_w.l(handlers.o)
    0x08007de0   0x08007de0   0x0000000e   Code   RO         1787    i.__scatterload_zeroinit  mc_w.l(handlers.o)
    0x08007dee   0x08007dee   0x00000002   PAD
    0x08007df0   0x08007df0   0x00000184   Code   RO         1690    i._fp_digits        mc_w.l(printfa.o)
    0x08007f74   0x08007f74   0x000006dc   Code   RO         1691    i._printf_core      mc_w.l(printfa.o)
    0x08008650   0x08008650   0x00000024   Code   RO         1692    i._printf_post_padding  mc_w.l(printfa.o)
    0x08008674   0x08008674   0x0000002e   Code   RO         1693    i._printf_pre_padding  mc_w.l(printfa.o)
    0x080086a2   0x080086a2   0x0000000a   Code   RO         1695    i._sputc            mc_w.l(printfa.o)
    0x080086ac   0x080086ac   0x00000024   Code   RO         1438    i.puts              mc_w.l(puts.o)
    0x080086d0   0x080086d0   0x00000040   Data   RO         1781    .constdata          mc_w.l(ctype_c.o)
    0x08008710   0x08008710   0x00000010   Data   RO         1208    .rodata.AHBPrescTable  system_stm32f4xx.o
    0x08008720   0x08008720   0x00000008   Data   RO         1209    .rodata.APBPrescTable  system_stm32f4xx.o
    0x08008728   0x08008728   0x00000080   Data   RO         1392    .rodata.ExCvt       ff.o
    0x080087a8   0x080087a8   0x00000014   Data   RO         1270    .rodata.SD_Driver   sd_diskio.o
    0x080087bc   0x080087bc   0x00000100   Data   RO         1426    .rodata.Tbl         ccsbcs.o
    0x080088bc   0x080088bc   0x00000008   Data   RO          385    .rodata.cst8        stm32f4xx_hal_dma.o
    0x080088c4   0x080088c4   0x00000104   Data   RO           23    .rodata.str1.1      main.o
    0x080089c8   0x080089c8   0x000002ae   Data   RO         1427    .rodata.str2.2      ccsbcs.o
    0x08008c76   0x08008c76   0x00000002   PAD
    0x08008c78   0x08008c78   0x00000020   Data   RO         1784    Region$$Table       anon$$obj.o


    Execution Region RW_IRAM1 (Exec base: 0x20000000, Load base: 0x08008c98, Size: 0x00010558, Max: 0x0001c000, ABSOLUTE)

    Exec Addr    Load Addr    Size         Type   Attr      Idx    E Section Name        Object

    0x20000000   0x08008c98   0x00000004   Data   RW         1735    .data               mc_w.l(stdin.o)
    0x20000004   0x08008c9c   0x00000004   Data   RW         1736    .data               mc_w.l(stdout.o)
    0x20000008   0x08008ca0   0x00000003   Data   RW         1768    .data               mc_w.l(fgetc_b.o)
    0x2000000b   0x08008ca3   0x00000001   PAD
    0x2000000c   0x08008ca4   0x00000008   Data   RW          557    .data..L_MergedGlobals  stm32f4xx_hal.o
    0x20000014   0x08008cac   0x00000001   Data   RW         1271    .data.Stat          sd_diskio.o
    0x20000015   0x08008cad   0x00000003   PAD
    0x20000018   0x08008cb0   0x00000004   Data   RW         1207    .data.SystemCoreClock  system_stm32f4xx.o
    0x2000001c   0x08008cb4   0x00000004   PAD
    0x20000020        -       0x00000060   Zero   RW           31    .bss..L_MergedGlobals  main.o
    0x20000080        -       0x00000005   Zero   RW         1286    .bss..L_MergedGlobals  fatfs.o
    0x20000085   0x08008cb4   0x00000003   PAD
    0x20000088        -       0x00000028   Zero   RW         1393    .bss..L_MergedGlobals  ff.o
    0x200000b0        -       0x00000234   Zero   RW         1284    .bss.SDFatFS        fatfs.o
    0x200002e4        -       0x0000000c   Zero   RW         1412    .bss.disk           ff_gen_drv.o
    0x200002f0        -       0x00000048   Zero   RW           24    .bss.hadc1          main.o
    0x20000338        -       0x00000048   Zero   RW           25    .bss.hadc2          main.o
    0x20000380        -       0x00000060   Zero   RW           27    .bss.hdma_adc1      main.o
    0x200003e0        -       0x00000060   Zero   RW           28    .bss.hdma_adc2      main.o
    0x20000440        -       0x00000084   Zero   RW           29    .bss.hsd            main.o
    0x200004c4        -       0x00000048   Zero   RW          107    .bss.htim1          stm32f4xx_hal_timebase_tim.o
    0x2000050c        -       0x00000048   Zero   RW           26    .bss.htim3          main.o
    0x20000554        -       0x00000004   Zero   RW          556    .bss.uwTick         stm32f4xx_hal.o
    0x20000558        -       0x00010000   Zero   RW            1    STACK               startup_stm32f407xx.o


    Execution Region RW_IRAM2 (Exec base: 0x2001c000, Load base: 0x08008cb8, Size: 0x00000000, Max: 0x00004000, ABSOLUTE)

    **** No section assigned to this execution region ****


==============================================================================

Image component sizes


      Code (inc. data)   RO Data    RW Data    ZI Data      Debug   Object Name

       176          0          0          0          0       6774   bsp_driver_sd.o
       514         10        942          0          0       2496   ccsbcs.o
       144          0          0          0          0       1868   diskio.o
        32          0          0          0        569       1966   fatfs.o
     11168        108        128          0         40      91832   ff.o
        76          0          0          0         12       3249   ff_gen_drv.o
      2632        140        260          0        636      17165   main.o
       262          6         20          1          0       3221   sd_diskio.o
        36          8        392          0      65536        832   startup_stm32f407xx.o
       132          0          0          8          4       7288   stm32f4xx_hal.o
      1538          0          0          0          0      11633   stm32f4xx_hal_adc.o
         2          0          0          0          0       9493   stm32f4xx_hal_adc_ex.o
       196          0          0          0          0      10486   stm32f4xx_hal_cortex.o
       996          6          8          0          0      10576   stm32f4xx_hal_dma.o
       442          0          0          0          0       5280   stm32f4xx_hal_gpio.o
       722          0          0          0          0      12420   stm32f4xx_hal_msp.o
      1528          0          0          0          0       7407   stm32f4xx_hal_rcc.o
      3116          0          0          0          0      27268   stm32f4xx_hal_sd.o
      1526          0          0          0          0      55007   stm32f4xx_hal_tim.o
       186          0          0          0          0      21234   stm32f4xx_hal_tim_ex.o
       180          0          0          0         72       7190   stm32f4xx_hal_timebase_tim.o
      1420          0          0          0          0      31986   stm32f4xx_hal_uart.o
       124          0          0          0          0       7417   stm32f4xx_it.o
      1626          0          0          0          0      20856   stm32f4xx_ll_sdmmc.o
        18          0         24          4          0       2625   system_stm32f4xx.o

    ----------------------------------------------------------------------
     28956        278       1808         16      66876     377569   Object Totals
         0          0         32          0          0          0   (incl. Generated)
       164          0          2          3          7          0   (incl. Padding)

    ----------------------------------------------------------------------

      Code (inc. data)   RO Data    RW Data    ZI Data      Debug   Library Member Name

        32          6          0          0          0         84   __0scanf.o
        28          0          0          0          0         68   _chval.o
       812          4          0          0          0        112   _scanf.o
       332          0          0          0          0         96   _scanf_int.o
        40          6         64          0          0         68   ctype_c.o
         0          0          0          0          0          0   entry.o
         0          0          0          0          0          0   entry10a.o
         0          0          0          0          0          0   entry11a.o
         8          4          0          0          0          0   entry2.o
         4          0          0          0          0          0   entry5.o
         0          0          0          0          0          0   entry7b.o
         0          0          0          0          0          0   entry8b.o
         8          4          0          0          0          0   entry9a.o
        44          6          0          3          0        144   fgetc_b.o
        30          0          0          0          0          0   handlers.o
        36          8          0          0          0         68   init.o
        10          0          0          0          0         68   isspace_c.o
         0          0          0          0          0          0   iusefp.o
         0          0          0          0          0          0   iusesemig.o
        30          0          0          0          0         68   llshl.o
        36          0          0          0          0         68   llsshr.o
        32          0          0          0          0         68   llushr.o
        36          0          0          0          0        108   memseta.o
      2308         96          0          0          0        604   printfa.o
        36          6          0          0          0         80   puts.o
        40          8          0          0          0         84   scanf_char.o
        20          8          0          0          0         68   scanf_char_file.o
         0          0          0          0          0          0   semi.o
         0          0          0          4          0          0   stdin.o
         0          0          0          4          0          0   stdout.o
        44          0          0          0          0         80   uidiv.o
        98          0          0          0          0         92   uldiv.o
        48          0          0          0          0         68   cdrcmple.o
       334          0          0          0          0        148   dadd.o
       222          0          0          0          0        100   ddiv.o
       186          0          0          0          0        176   depilogue.o
        48          0          0          0          0         68   dfixul.o
        26          0          0          0          0         76   dfltui.o
       228          0          0          0          0         96   dmul.o

    ----------------------------------------------------------------------
      5164        156         64         12          0       2760   Library Totals
         8          0          0          1          0          0   (incl. Padding)

    ----------------------------------------------------------------------

      Code (inc. data)   RO Data    RW Data    ZI Data      Debug   Library Name

      4064        156         64         11          0       2028   mc_w.l
      1092          0          0          0          0        732   mf_w.l

    ----------------------------------------------------------------------
      5164        156         64         12          0       2760   Library Totals

    ----------------------------------------------------------------------

==============================================================================


      Code (inc. data)   RO Data    RW Data    ZI Data      Debug   

     34120        434       1872         28      66876     378565   Grand Totals
     34120        434       1872         28      66876     378565   ELF Image Totals
     34120        434       1872         28          0          0   ROM Totals

==============================================================================

    Total RO  Size (Code + RO Data)                35992 (  35.15kB)
    Total RW  Size (RW Data + ZI Data)             66904 (  65.34kB)
    Total ROM Size (Code + RO Data + RW Data)      36020 (  35.18kB)

==============================================================================

