<html>
<body>
<pre>
<h1>µVision Build Log</h1>
<h2>Tool Versions:</h2>
IDE-Version: ¦ÌVision V5.37.0.0
Copyright (C) 2022 ARM Ltd and ARM Germany GmbH. All rights reserved.
License Information: Larry Liu, No, LIC=BUURY-IFQ9P-EV41R-K0AHG-JUCX9-AV4GE
 
Tool Versions:
Toolchain:       MDK-ARM Plus  Version: 5.37.0.0
Toolchain Path:  E:\Keil_v5\ARM\ARMCLANG\Bin
C Compiler:      ArmClang.exe V6.18
Assembler:       Armasm.exe V6.18
Linker/Locator:  ArmLink.exe V6.18
Library Manager: ArmAr.exe V6.18
Hex Converter:   FromElf.exe V6.18
CPU DLL:         SARMCM3.DLL V5.37.0.0
Dialog DLL:      DCM.DLL V1.17.5.0
Target DLL:      Segger\JL2CM3.dll V2.99.42.0
Dialog DLL:      TCM.DLL V1.56.1.0
 
<h2>Project:</h2>
E:\NUEDC\STM32_HAL_Training\uartdmaadc\MDK-ARM\uartdmaadc.uvprojx
Project File Date:  06/19/2023

<h2>Output:</h2>
*** Using Compiler 'V6.18', folder: 'E:\Keil_v5\ARM\ARMCLANG\Bin'
Build target 'uartdmaadc'
../Core/Src/main.c(149): warning: format specifies type 'int *' but the argument has type 'volatile uint16_t *' (aka 'volatile unsigned short *') [-Wformat]
    scanf("%d",&fs);
           ~~  ^~~
           %hd
../Core/Src/main.c(183): warning: 'sprintf' will always overflow; destination buffer has size 13, but format string expands to at least 14 [-Wfortify-source]
                                                sprintf(zfc, "%.3f,%.3f\r\n", adc_buff1[i] * 3.3 / 4095, adc_buff2[i] * 3.3 / 4095);
                                                ^
2 warnings generated.
compiling main.c...
linking...
Program Size: Code=34120 RO-data=1872 RW-data=28 ZI-data=66876  
FromELF: creating hex file...
"uartdmaadc\uartdmaadc.axf" - 0 Error(s), 2 Warning(s).

<h2>Software Packages used:</h2>

Package Vendor: ARM
                http://www.keil.com/pack/ARM.CMSIS.5.9.0.pack
                ARM.CMSIS.5.9.0
                CMSIS (Common Microcontroller Software Interface Standard)
   * Component: CORE Version: 5.6.0

Package Vendor: Keil
                http://www.keil.com/pack/Keil.STM32F4xx_DFP.2.16.0.pack
                Keil.STM32F4xx_DFP.2.16.0
                STMicroelectronics STM32F4 Series Device Support, Drivers and Examples

<h2>Collection of Component include folders:</h2>
  ./RTE/_uartdmaadc
  E:/Keil_v5/ARM/PACK/ARM/CMSIS/5.9.0/CMSIS/Core/Include
  E:/Keil_v5/ARM/PACK/Keil/STM32F4xx_DFP/2.16.0/Drivers/CMSIS/Device/ST/STM32F4xx/Include

<h2>Collection of Component Files used:</h2>

   * Component: ARM::CMSIS:CORE:5.6.0
      Include file:  CMSIS/Core/Include/tz_context.h
Build Time Elapsed:  00:00:01
</pre>
</body>
</html>
